ARM Linker, 5.03 [Build 76] [MDK-ARM Standard]

==============================================================================

Section Cross References

    system_stm32f10x.o(i.SystemCoreClockUpdate) refers to system_stm32f10x.o(.data) for .data
    system_stm32f10x.o(i.SystemInit) refers to system_stm32f10x.o(i.SetSysClockTo72) for SetSysClockTo72
    main.o(i.ctr_task) refers to os_time.o(i.OSTimeDlyHMSM) for OSTimeDlyHMSM
    main.o(i.ctr_task) refers to adc.o(.data) for ADC_DMA_IN
    main.o(i.ctr_task) refers to main.o(.data) for .data
    main.o(i.main) refers to systemclock.o(i.systemdelay_init) for systemdelay_init
    main.o(i.main) refers to misc.o(i.NVIC_PriorityGroupConfig) for NVIC_PriorityGroupConfig
    main.o(i.main) refers to i2c.o(i.I2C_Configuration) for I2C_Configuration
    main.o(i.main) refers to led.o(i.LED_Init) for LED_Init
    main.o(i.main) refers to queue.o(i.init) for init
    main.o(i.main) refers to adc.o(i.ADC_Configuration) for ADC_Configuration
    main.o(i.main) refers to joystick.o(i.JoyStick_Init) for JoyStick_Init
    main.o(i.main) refers to usart.o(i.uart_init) for uart_init
    main.o(i.main) refers to os_core.o(i.OSInit) for OSInit
    main.o(i.main) refers to cpu_a.o(.text) for CPU_SR_Save
    main.o(i.main) refers to cpu_core.o(i.CPU_IntDisMeasStart) for CPU_IntDisMeasStart
    main.o(i.main) refers to os_core.o(i.OS_SchedLockTimeMeasStart) for OS_SchedLockTimeMeasStart
    main.o(i.main) refers to cpu_core.o(i.CPU_IntDisMeasStop) for CPU_IntDisMeasStop
    main.o(i.main) refers to os_task.o(i.OSTaskCreate) for OSTaskCreate
    main.o(i.main) refers to os_core.o(i.OS_SchedLockTimeMeasStop) for OS_SchedLockTimeMeasStop
    main.o(i.main) refers to os_core.o(i.OS_Sched0) for OS_Sched0
    main.o(i.main) refers to os_core.o(i.OSStart) for OSStart
    main.o(i.main) refers to main.o(.bss) for .bss
    main.o(i.main) refers to os_var.o(.data) for OSSchedLockNestingCtr
    main.o(i.main) refers to main.o(i.start_task) for start_task
    main.o(i.main) refers to os_var.o(.data) for OSIntQNbrEntries
    main.o(i.oled_task) refers to systemclock.o(i.delay_ms) for delay_ms
    main.o(i.oled_task) refers to oled0561.o(i.OLED0561_Init) for OLED0561_Init
    main.o(i.oled_task) refers to queue.o(i.enQueue) for enQueue
    main.o(i.oled_task) refers to oled0561.o(i.OLED_DISPLAY_8x8) for OLED_DISPLAY_8x8
    main.o(i.oled_task) refers to rand.o(.text) for rand
    main.o(i.oled_task) refers to os_time.o(i.OSTimeDlyHMSM) for OSTimeDlyHMSM
    main.o(i.oled_task) refers to queue.o(i.searchQueue) for searchQueue
    main.o(i.oled_task) refers to oled0561.o(i.OLED_DISPLAY_CLEAR) for OLED_DISPLAY_CLEAR
    main.o(i.oled_task) refers to oled0561.o(i.OLED_DISPLAY_8x16_BUFFER) for OLED_DISPLAY_8x16_BUFFER
    main.o(i.oled_task) refers to oled0561.o(i.OLED_DISPLAY_8x16) for OLED_DISPLAY_8x16
    main.o(i.oled_task) refers to main.o(.bss) for .bss
    main.o(i.oled_task) refers to main.o(.data) for .data
    main.o(i.oled_task) refers to queue.o(i.deQueue) for deQueue
    main.o(i.oled_task) refers to stm32f10x_gpio.o(i.GPIO_ReadInputDataBit) for GPIO_ReadInputDataBit
    main.o(i.oled_task) refers to queue.o(i.clearQueue) for clearQueue
    main.o(i.start_task) refers to cpu_core.o(i.CPU_Init) for CPU_Init
    main.o(i.start_task) refers to os_stat.o(i.OSStatTaskCPUUsageInit) for OSStatTaskCPUUsageInit
    main.o(i.start_task) refers to cpu_core.o(i.CPU_IntDisMeasMaxCurReset) for CPU_IntDisMeasMaxCurReset
    main.o(i.start_task) refers to os_core.o(i.OSSchedRoundRobinCfg) for OSSchedRoundRobinCfg
    main.o(i.start_task) refers to cpu_a.o(.text) for CPU_SR_Save
    main.o(i.start_task) refers to cpu_core.o(i.CPU_IntDisMeasStart) for CPU_IntDisMeasStart
    main.o(i.start_task) refers to os_core.o(i.OS_SchedLockTimeMeasStart) for OS_SchedLockTimeMeasStart
    main.o(i.start_task) refers to cpu_core.o(i.CPU_IntDisMeasStop) for CPU_IntDisMeasStop
    main.o(i.start_task) refers to os_task.o(i.OSTaskCreate) for OSTaskCreate
    main.o(i.start_task) refers to os_task.o(i.OS_TaskSuspend) for OS_TaskSuspend
    main.o(i.start_task) refers to os_core.o(i.OS_SchedLockTimeMeasStop) for OS_SchedLockTimeMeasStop
    main.o(i.start_task) refers to os_core.o(i.OS_Sched0) for OS_Sched0
    main.o(i.start_task) refers to os_var.o(.data) for OSSchedLockNestingCtr
    main.o(i.start_task) refers to main.o(.bss) for .bss
    main.o(i.start_task) refers to main.o(i.oled_task) for oled_task
    main.o(i.start_task) refers to main.o(i.ctr_task) for ctr_task
    main.o(i.start_task) refers to os_var.o(.data) for OSIntQNbrEntries
    led.o(i.LED_Init) refers to stm32f10x_rcc.o(i.RCC_APB2PeriphClockCmd) for RCC_APB2PeriphClockCmd
    led.o(i.LED_Init) refers to stm32f10x_gpio.o(i.GPIO_Init) for GPIO_Init
    led.o(i.LED_Init) refers to stm32f10x_gpio.o(i.GPIO_SetBits) for GPIO_SetBits
[...]
    .constdata                               0x080052bc   Section        4  os_cfg_app.o(.constdata)
    .constdata                               0x080052c0   Section        1  os_cfg_app.o(.constdata)
    .constdata                               0x080052c4   Section        4  os_cfg_app.o(.constdata)
    .constdata                               0x080052c8   Section        4  os_cfg_app.o(.constdata)
    .constdata                               0x080052cc   Section        4  os_cfg_app.o(.constdata)
    .constdata                               0x080052d0   Section        2  os_cfg_app.o(.constdata)
    .constdata                               0x080052d2   Section        1  os_cfg_app.o(.constdata)
    .constdata                               0x080052d4   Section        4  os_cfg_app.o(.constdata)
    .constdata                               0x080052d8   Section        4  os_cfg_app.o(.constdata)
    .constdata                               0x080052dc   Section        4  os_cfg_app.o(.constdata)
    .constdata                               0x080052e0   Section        4  os_cfg_app.o(.constdata)
    .constdata                               0x080052e4   Section        2  os_cfg_app.o(.constdata)
    .constdata                               0x080052e8   Section        2  os_core.o(.constdata)
    .data                                    0x20000000   Section       20  system_stm32f10x.o(.data)
    .data                                    0x20000014   Section        2  main.o(.data)
    .data                                    0x20000016   Section        4  systemclock.o(.data)
    fac_us                                   0x20000016   Data           1  systemclock.o(.data)
    fac_ms                                   0x20000018   Data           2  systemclock.o(.data)
    .data                                    0x2000001a   Section        2  usart.o(.data)
    .data                                    0x2000001c   Section        4  adc.o(.data)
    .data                                    0x20000020   Section       20  stm32f10x_rcc.o(.data)
    ADCPrescTable                            0x20000020   Data           4  stm32f10x_rcc.o(.data)
    APBAHBPrescTable                         0x20000024   Data          16  stm32f10x_rcc.o(.data)
    .data                                    0x20000034   Section        4  os_prio.o(.data)
    .data                                    0x20000038   Section        4  os_var.o(.data)
    .data                                    0x2000003c   Section        4  os_var.o(.data)
    .data                                    0x20000040   Section        4  os_var.o(.data)
    .data                                    0x20000044   Section        4  os_var.o(.data)
    .data                                    0x20000048   Section        4  os_var.o(.data)
    .data                                    0x2000004c   Section        4  os_var.o(.data)
    .data                                    0x20000050   Section        4  os_var.o(.data)
    .data                                    0x20000054   Section        4  os_var.o(.data)
    .data                                    0x20000058   Section        1  os_var.o(.data)
    .data                                    0x2000005c   Section        4  os_var.o(.data)
    .data                                    0x20000060   Section        1  os_var.o(.data)
    .data                                    0x20000064   Section        4  os_var.o(.data)
    .data                                    0x20000068   Section        4  os_var.o(.data)
    .data                                    0x2000006c   Section        2  os_var.o(.data)
    .data                                    0x2000006e   Section        2  os_var.o(.data)
    .data                                    0x20000070   Section        2  os_var.o(.data)
    .data                                    0x20000074   Section        4  os_var.o(.data)
    .data                                    0x20000078   Section        4  os_var.o(.data)
    .data                                    0x2000007c   Section        2  os_var.o(.data)
    .data                                    0x20000080   Section        4  os_var.o(.data)
    .data                                    0x20000084   Section        2  os_var.o(.data)
    .data                                    0x20000088   Section        4  os_var.o(.data)
    .data                                    0x2000008c   Section        2  os_var.o(.data)
    .data                                    0x2000008e   Section        1  os_var.o(.data)
    .data                                    0x2000008f   Section        1  os_var.o(.data)
    .data                                    0x20000090   Section        1  os_var.o(.data)
    .data                                    0x20000094   Section        4  os_var.o(.data)
    .data                                    0x20000098   Section        2  os_var.o(.data)
    .data                                    0x2000009c   Section        4  os_var.o(.data)
    .data                                    0x200000a0   Section        4  os_var.o(.data)
    .data                                    0x200000a4   Section        4  os_var.o(.data)
    .data                                    0x200000a8   Section        1  os_var.o(.data)
    .data                                    0x200000ac   Section        4  os_var.o(.data)
    .data                                    0x200000b0   Section        1  os_var.o(.data)
    .data                                    0x200000b4   Section        4  os_var.o(.data)
    .data                                    0x200000b8   Section        2  os_var.o(.data)
    .data                                    0x200000ba   Section        1  os_var.o(.data)
    .data                                    0x200000bc   Section        2  os_var.o(.data)
    .data                                    0x200000be   Section        2  os_var.o(.data)
    .data                                    0x200000c0   Section        4  os_var.o(.data)
    .data                                    0x200000c4   Section        4  os_var.o(.data)
    .data                                    0x200000c8   Section        4  os_var.o(.data)
    .data                                    0x200000cc   Section        1  os_var.o(.data)
    .data                                    0x200000d0   Section        4  os_var.o(.data)
    .data                                    0x200000d4   Section        4  os_var.o(.data)
    .data                                    0x200000d8   Section        4  os_var.o(.data)
    .data                                    0x200000dc   Section        2  os_var.o(.data)
    .data                                    0x200000de   Section        1  os_var.o(.data)
    .data                                    0x200000e0   Section        4  os_var.o(.data)
    .data                                    0x200000e4   Section        4  os_var.o(.data)
    .data                                    0x200000e8   Section        4  os_var.o(.data)
    .data                                    0x200000ec   Section        4  os_var.o(.data)
    .data                                    0x200000f0   Section        4  os_var.o(.data)
    .data                                    0x200000f4   Section        4  os_var.o(.data)
    .data                                    0x200000f8   Section        4  os_var.o(.data)
    .data                                    0x200000fc   Section        4  os_var.o(.data)
    .data                                    0x20000100   Section        4  os_var.o(.data)
    .data                                    0x20000104   Section        4  os_cpu_c.o(.data)
    .data                                    0x20000108   Section       28  cpu_core.o(.data)
    .data                                    0x20000124   Section        4  rand.o(.data)
    _rand_state                              0x20000124   Data           4  rand.o(.data)
    .data                                    0x20000128   Section        4  mvars.o(.data)
    .data                                    0x2000012c   Section        4  mvars.o(.data)
    .bss                                     0x20000130   Section     1656  main.o(.bss)
    .bss                                     0x200007a8   Section      200  usart.o(.bss)
    .bss                                     0x20000870   Section      512  os_cfg_app.o(.bss)
    .bss                                     0x20000a70   Section      320  os_cfg_app.o(.bss)
    .bss                                     0x20000bb0   Section      512  os_cfg_app.o(.bss)
    .bss                                     0x20000db0   Section      512  os_cfg_app.o(.bss)
    .bss                                     0x20000fb0   Section     1600  os_cfg_app.o(.bss)
    .bss                                     0x200015f0   Section      512  os_cfg_app.o(.bss)
    .bss                                     0x200017f0   Section      512  os_cfg_app.o(.bss)
    .bss                                     0x200019f0   Section      136  os_cfg_app.o(.bss)
    .bss                                     0x20001a78   Section      512  os_cfg_app.o(.bss)
    .bss                                     0x20001c78   Section      136  os_cfg_app.o(.bss)
    .bss                                     0x20001d00   Section      200  os_var.o(.bss)
    .bss                                     0x20001dc8   Section      200  os_var.o(.bss)
    .bss                                     0x20001e90   Section       12  os_var.o(.bss)
    .bss                                     0x20001e9c   Section      384  os_var.o(.bss)
    .bss                                     0x2000201c   Section      200  os_var.o(.bss)
    .bss                                     0x200020e4   Section      200  os_var.o(.bss)
    .bss                                     0x200021ac   Section      200  os_var.o(.bss)
    .bss                                     0x20002274   Section       16  cpu_core.o(.bss)
    HEAP                                     0x20002288   Section      512  startup_stm32f10x_hd.o(HEAP)
    STACK                                    0x20002488   Section     1024  startup_stm32f10x_hd.o(STACK)

    Global Symbols

    Symbol Name                              Value     Ov Type        Size  Object(Section)

    BuildAttributes$$THM_ISAv4$P$D$K$B$S$PE$A:L22UL41UL21$X:L11$S22US41US21$IEEE1$IW$USESV6$~STKCKD$USESV7$~SHL$OSPACE$EBA8$MICROLIB$REQ8$PRES8$EABIv2 0x00000000   Number         0  anon$$obj.o ABSOLUTE
    __ARM_use_no_argv                        0x00000000   Number         0  main.o ABSOLUTE
    __use_no_errno                           0x00000000   Number         0  useno.o ABSOLUTE
    __use_no_exception_handling              0x00000000   Number         0  useno.o ABSOLUTE
    __use_no_fp                              0x00000000   Number         0  useno.o ABSOLUTE
    __use_no_heap                            0x00000000   Number         0  useno.o ABSOLUTE
    __use_no_heap_region                     0x00000000   Number         0  useno.o ABSOLUTE
    __use_no_semihosting                     0x00000000   Number         0  useno.o ABSOLUTE
    __use_no_semihosting_swi                 0x00000000   Number         0  useno.o ABSOLUTE
    __use_no_signal_handling                 0x00000000   Number         0  useno.o ABSOLUTE
    __cpp_initialize__aeabi_                  - Undefined Weak Reference
    __cxa_finalize                            - Undefined Weak Reference
    _clock_init                               - Undefined Weak Reference
    _microlib_exit                            - Undefined Weak Reference
    __Vectors_Size                           0x00000130   Number         0  startup_stm32f10x_hd.o ABSOLUTE
    __Vectors                                0x08000000   Data           4  startup_stm32f10x_hd.o(RESET)
    __Vectors_End                            0x08000130   Data           0  startup_stm32f10x_hd.o(RESET)
    __main                                   0x08000131   Thumb Code     0  entry.o(.ARM.Collect$$$$00000000)
    _main_stk                                0x08000131   Thumb Code     0  entry2.o(.ARM.Collect$$$$00000001)
    _main_scatterload                        0x08000135   Thumb Code     0  entry5.o(.ARM.Collect$$$$00000004)
    __main_after_scatterload                 0x08000139   Thumb Code     0  entry5.o(.ARM.Collect$$$$00000004)
    _main_clock                              0x08000139   Thumb Code     0  entry7b.o(.ARM.Collect$$$$00000008)
    _main_cpp_init                           0x08000139   Thumb Code     0  entry8b.o(.ARM.Collect$$$$0000000A)
    _main_init                               0x08000139   Thumb Code     0  entry9a.o(.ARM.Collect$$$$0000000B)
    __rt_final_cpp                           0x08000141   Thumb Code     0  entry10a.o(.ARM.Collect$$$$0000000D)
    __rt_final_exit                          0x08000141   Thumb Code     0  entry11a.o(.ARM.Collect$$$$0000000F)
    Reset_Handler                            0x08000145   Thumb Code     8  startup_stm32f10x_hd.o(.text)
    ADC1_2_IRQHandler                        0x0800015f   Thumb Code     0  startup_stm32f10x_hd.o(.text)
    ADC3_IRQHandler                          0x0800015f   Thumb Code     0  startup_stm32f10x_hd.o(.text)
    CAN1_RX1_IRQHandler                      0x0800015f   Thumb Code     0  startup_stm32f10x_hd.o(.text)
    CAN1_SCE_IRQHandler                      0x0800015f   Thumb Code     0  startup_stm32f10x_hd.o(.text)
    DMA1_Channel1_IRQHandler                 0x0800015f   Thumb Code     0  startup_stm32f10x_hd.o(.text)
    DMA1_Channel2_IRQHandler                 0x0800015f   Thumb Code     0  startup_stm32f10x_hd.o(.text)
    DMA1_Channel3_IRQHandler                 0x0800015f   Thumb Code     0  startup_stm32f10x_hd.o(.text)
    DMA1_Channel4_IRQHandler                 0x0800015f   Thumb Code     0  startup_stm32f10x_hd.o(.text)
    DMA1_Channel5_IRQHandler                 0x0800015f   Thumb Code     0  startup_stm32f10x_hd.o(.text)
    DMA1_Channel6_IRQHandler                 0x0800015f   Thumb Code     0  startup_stm32f10x_hd.o(.text)
    DMA1_Channel7_IRQHandler                 0x0800015f   Thumb Code     0  startup_stm32f10x_hd.o(.text)
    DMA2_Channel1_IRQHandler                 0x0800015f   Thumb Code     0  startup_stm32f10x_hd.o(.text)
    DMA2_Channel2_IRQHandler                 0x0800015f   Thumb Code     0  startup_stm32f10x_hd.o(.text)
    DMA2_Channel3_IRQHandler                 0x0800015f   Thumb Code     0  startup_stm32f10x_hd.o(.text)
    DMA2_Channel4_5_IRQHandler               0x0800015f   Thumb Code     0  startup_stm32f10x_hd.o(.text)
    EXTI0_IRQHandler                         0x0800015f   Thumb Code     0  startup_stm32f10x_hd.o(.text)
    EXTI15_10_IRQHandler                     0x0800015f   Thumb Code     0  startup_stm32f10x_hd.o(.text)
    EXTI1_IRQHandler                         0x0800015f   Thumb Code     0  startup_stm32f10x_hd.o(.text)
    EXTI2_IRQHandler                         0x0800015f   Thumb Code     0  startup_stm32f10x_hd.o(.text)
    EXTI3_IRQHandler                         0x0800015f   Thumb Code     0  startup_stm32f10x_hd.o(.text)
    EXTI4_IRQHandler                         0x0800015f   Thumb Code     0  startup_stm32f10x_hd.o(.text)
    EXTI9_5_IRQHandler                       0x0800015f   Thumb Code     0  startup_stm32f10x_hd.o(.text)
    FLASH_IRQHandler                         0x0800015f   Thumb Code     0  startup_stm32f10x_hd.o(.text)
    FSMC_IRQHandler                          0x0800015f   Thumb Code     0  startup_stm32f10x_hd.o(.text)
    I2C1_ER_IRQHandler                       0x0800015f   Thumb Code     0  startup_stm32f10x_hd.o(.text)
    I2C1_EV_IRQHandler                       0x0800015f   Thumb Code     0  startup_stm32f10x_hd.o(.text)
    I2C2_ER_IRQHandler                       0x0800015f   Thumb Code     0  startup_stm32f10x_hd.o(.text)
    I2C2_EV_IRQHandler                       0x0800015f   Thumb Code     0  startup_stm32f10x_hd.o(.text)
    PVD_IRQHandler                           0x0800015f   Thumb Code     0  startup_stm32f10x_hd.o(.text)
    RCC_IRQHandler                           0x0800015f   Thumb Code     0  startup_stm32f10x_hd.o(.text)
    SDIO_IRQHandler                          0x0800015f   Thumb Code     0  startup_stm32f10x_hd.o(.text)
    SPI1_IRQHandler                          0x0800015f   Thumb Code     0  startup_stm32f10x_hd.o(.text)
    SPI2_IRQHandler                          0x0800015f   Thumb Code     0  startup_stm32f10x_hd.o(.text)
    SPI3_IRQHandler                          0x0800015f   Thumb Code     0  startup_stm32f10x_hd.o(.text)
    TAMPER_IRQHandler                        0x0800015f   Thumb Code     0  startup_stm32f10x_hd.o(.text)
    TIM1_BRK_IRQHandler                      0x0800015f   Thumb Code     0  startup_stm32f10x_hd.o(.text)
    TIM1_CC_IRQHandler                       0x0800015f   Thumb Code     0  startup_stm32f10x_hd.o(.text)
    TIM1_TRG_COM_IRQHandler                  0x0800015f   Thumb Code     0  startup_stm32f10x_hd.o(.text)
    TIM1_UP_IRQHandler                       0x0800015f   Thumb Code     0  startup_stm32f10x_hd.o(.text)
    TIM2_IRQHandler                          0x0800015f   Thumb Code     0  startup_stm32f10x_hd.o(.text)
    TIM3_IRQHandler                          0x0800015f   Thumb Code     0  startup_stm32f10x_hd.o(.text)
    TIM4_IRQHandler                          0x0800015f   Thumb Code     0  startup_stm32f10x_hd.o(.text)
    TIM5_IRQHandler                          0x0800015f   Thumb Code     0  startup_stm32f10x_hd.o(.text)
    TIM6_IRQHandler                          0x0800015f   Thumb Code     0  startup_stm32f10x_hd.o(.text)
    TIM7_IRQHandler                          0x0800015f   Thumb Code     0  startup_stm32f10x_hd.o(.text)
    TIM8_BRK_IRQHandler                      0x0800015f   Thumb Code     0  startup_stm32f10x_hd.o(.text)
    TIM8_CC_IRQHandler                       0x0800015f   Thumb Code     0  startup_stm32f10x_hd.o(.text)
    TIM8_TRG_COM_IRQHandler                  0x0800015f   Thumb Code     0  startup_stm32f10x_hd.o(.text)
    TIM8_UP_IRQHandler                       0x0800015f   Thumb Code     0  startup_stm32f10x_hd.o(.text)
    UART4_IRQHandler                         0x0800015f   Thumb Code     0  startup_stm32f10x_hd.o(.text)
    UART5_IRQHandler                         0x0800015f   Thumb Code     0  startup_stm32f10x_hd.o(.text)
    USART2_IRQHandler                        0x0800015f   Thumb Code     0  startup_stm32f10x_hd.o(.text)
    USART3_IRQHandler                        0x0800015f   Thumb Code     0  startup_stm32f10x_hd.o(.text)
    USBWakeUp_IRQHandler                     0x0800015f   Thumb Code     0  startup_stm32f10x_hd.o(.text)
    USB_HP_CAN1_TX_IRQHandler                0x0800015f   Thumb Code     0  startup_stm32f10x_hd.o(.text)
    USB_LP_CAN1_RX0_IRQHandler               0x0800015f   Thumb Code     0  startup_stm32f10x_hd.o(.text)
    WWDG_IRQHandler                          0x0800015f   Thumb Code     0  startup_stm32f10x_hd.o(.text)
    CPU_IntDis                               0x08000169   Thumb Code     0  cpu_a.o(.text)
    CPU_IntEn                                0x0800016d   Thumb Code     0  cpu_a.o(.text)
    CPU_SR_Save                              0x08000171   Thumb Code     0  cpu_a.o(.text)
    CPU_SR_Restore                           0x08000179   Thumb Code     0  cpu_a.o(.text)
    CPU_WaitForInt                           0x0800017f   Thumb Code     0  cpu_a.o(.text)
    CPU_WaitForExcept                        0x08000183   Thumb Code     0  cpu_a.o(.text)
    CPU_CntLeadZeros                         0x08000187   Thumb Code     0  cpu_a.o(.text)
    CPU_CntTrailZeros                        0x0800018d   Thumb Code     0  cpu_a.o(.text)
    CPU_RevBits                              0x08000197   Thumb Code     0  cpu_a.o(.text)
    rand                                     0x0800019d   Thumb Code    20  rand.o(.text)
    srand                                    0x080001b1   Thumb Code     6  rand.o(.text)
    __aeabi_memcpy                           0x080001c1   Thumb Code    36  memcpya.o(.text)
    __aeabi_memcpy4                          0x080001c1   Thumb Code     0  memcpya.o(.text)
    __aeabi_memcpy8                          0x080001c1   Thumb Code     0  memcpya.o(.text)
    __scatterload                            0x080001e5   Thumb Code    28  init.o(.text)
    __scatterload_rt2                        0x080001e5   Thumb Code     0  init.o(.text)
    __decompress                             0x08000209   Thumb Code     0  __dczerorl2.o(.text)
    __decompress1                            0x08000209   Thumb Code    92  __dczerorl2.o(.text)
    OSStartHighRdy                           0x08000265   Thumb Code     0  os_cpu_a.o(CODE)
    OS_CPU_PendSVHandler                     0x08000287   Thumb Code     0  os_cpu_a.o(CODE)
    ADC_Cmd                                  0x080002e9   Thumb Code    20  stm32f10x_adc.o(i.ADC_Cmd)
    ADC_Configuration                        0x080002fd   Thumb Code   134  adc.o(i.ADC_Configuration)
    ADC_DMACmd                               0x08000389   Thumb Code    20  stm32f10x_adc.o(i.ADC_DMACmd)
    ADC_DMA_Init                             0x0800039d   Thumb Code    72  adc.o(i.ADC_DMA_Init)
    ADC_GPIO_Init                            0x080003f1   Thumb Code    48  adc.o(i.ADC_GPIO_Init)
    ADC_GetCalibrationStatus                 0x08000425   Thumb Code    14  stm32f10x_adc.o(i.ADC_GetCalibrationStatus)
    ADC_GetResetCalibrationStatus            0x08000433   Thumb Code    14  stm32f10x_adc.o(i.ADC_GetResetCalibrationStatus)
    ADC_Init                                 0x08000441   Thumb Code    62  stm32f10x_adc.o(i.ADC_Init)
    ADC_RegularChannelConfig                 0x08000489   Thumb Code   116  stm32f10x_adc.o(i.ADC_RegularChannelConfig)
    ADC_ResetCalibration                     0x080004fd   Thumb Code    10  stm32f10x_adc.o(i.ADC_ResetCalibration)
    ADC_SoftwareStartConvCmd                 0x08000507   Thumb Code    20  stm32f10x_adc.o(i.ADC_SoftwareStartConvCmd)
    ADC_StartCalibration                     0x0800051b   Thumb Code    10  stm32f10x_adc.o(i.ADC_StartCalibration)
    BSP_CPU_ClkFreq                          0x08000525   Thumb Code    16  bsp.o(i.BSP_CPU_ClkFreq)
    BusFault_Handler                         0x08000535   Thumb Code     2  stm32f10x_it.o(i.BusFault_Handler)
    CPU_Init                                 0x08000539   Thumb Code    24  cpu_core.o(i.CPU_Init)
    CPU_IntDisMeasMaxCurGet                  0x080005b5   Thumb Code    24  cpu_core.o(i.CPU_IntDisMeasMaxCurGet)
    CPU_IntDisMeasMaxCurReset                0x080005d1   Thumb Code    26  cpu_core.o(i.CPU_IntDisMeasMaxCurReset)
    CPU_IntDisMeasMaxGet                     0x080005f1   Thumb Code    24  cpu_core.o(i.CPU_IntDisMeasMaxGet)
    CPU_IntDisMeasStart                      0x0800060d   Thumb Code    28  cpu_core.o(i.CPU_IntDisMeasStart)
    CPU_IntDisMeasStop                       0x0800062d   Thumb Code    44  cpu_core.o(i.CPU_IntDisMeasStop)
    CPU_NameClr                              0x0800065d   Thumb Code    34  cpu_core.o(i.CPU_NameClr)
    CPU_TS_TmrFreqSet                        0x08000685   Thumb Code     6  cpu_core.o(i.CPU_TS_TmrFreqSet)
    CPU_TS_TmrInit                           0x08000691   Thumb Code    38  bsp.o(i.CPU_TS_TmrInit)
    CPU_TS_TmrRd                             0x080006c1   Thumb Code     6  bsp.o(i.CPU_TS_TmrRd)
    DMA_Cmd                                  0x080006cd   Thumb Code    22  stm32f10x_dma.o(i.DMA_Cmd)
    DMA_DeInit                               0x080006e5   Thumb Code   218  stm32f10x_dma.o(i.DMA_DeInit)
    DMA_Init                                 0x080007c9   Thumb Code    58  stm32f10x_dma.o(i.DMA_Init)
    DebugMon_Handler                         0x08000803   Thumb Code     2  stm32f10x_it.o(i.DebugMon_Handler)
    GPIO_Init                                0x08000805   Thumb Code   158  stm32f10x_gpio.o(i.GPIO_Init)
    GPIO_ReadInputDataBit                    0x080008a3   Thumb Code    14  stm32f10x_gpio.o(i.GPIO_ReadInputDataBit)
    GPIO_SetBits                             0x080008b1   Thumb Code     4  stm32f10x_gpio.o(i.GPIO_SetBits)
    HardFault_Handler                        0x080008b5   Thumb Code     2  stm32f10x_it.o(i.HardFault_Handler)
    I2C_CheckEvent                           0x080008b7   Thumb Code    24  stm32f10x_i2c.o(i.I2C_CheckEvent)
    I2C_Cmd                                  0x080008cf   Thumb Code    20  stm32f10x_i2c.o(i.I2C_Cmd)
    I2C_Configuration                        0x080008e5   Thumb Code    64  i2c.o(i.I2C_Configuration)
    I2C_GPIO_Init                            0x0800092d   Thumb Code    46  i2c.o(i.I2C_GPIO_Init)
    I2C_GenerateSTART                        0x08000961   Thumb Code    20  stm32f10x_i2c.o(i.I2C_GenerateSTART)
    I2C_GenerateSTOP                         0x08000975   Thumb Code    20  stm32f10x_i2c.o(i.I2C_GenerateSTOP)
    I2C_Init                                 0x08000989   Thumb Code   176  stm32f10x_i2c.o(i.I2C_Init)
    I2C_SAND_BUFFER                          0x08000a41   Thumb Code   130  i2c.o(i.I2C_SAND_BUFFER)
    I2C_SAND_BYTE                            0x08000ad1   Thumb Code   114  i2c.o(i.I2C_SAND_BYTE)
    I2C_Send7bitAddress                      0x08000b51   Thumb Code    16  stm32f10x_i2c.o(i.I2C_Send7bitAddress)
    I2C_SendData                             0x08000b61   Thumb Code     4  stm32f10x_i2c.o(i.I2C_SendData)
    JoyStick_Init                            0x08000b65   Thumb Code    32  joystick.o(i.JoyStick_Init)
    LED_Init                                 0x08000b89   Thumb Code    46  led.o(i.LED_Init)
    MemManage_Handler                        0x08000bbd   Thumb Code     2  stm32f10x_it.o(i.MemManage_Handler)
    Mem_Clr                                  0x08000bbf   Thumb Code     8  lib_mem.o(i.Mem_Clr)
    Mem_Set                                  0x08000bc9   Thumb Code    76  lib_mem.o(i.Mem_Set)
    NMI_Handler                              0x08000c15   Thumb Code     2  stm32f10x_it.o(i.NMI_Handler)
    NVIC_Init                                0x08000c19   Thumb Code    90  misc.o(i.NVIC_Init)
    NVIC_PriorityGroupConfig                 0x08000c7d   Thumb Code    10  misc.o(i.NVIC_PriorityGroupConfig)
    OLED0561_Init                            0x08000c91   Thumb Code    18  oled0561.o(i.OLED0561_Init)
    OLED_DISPLAY_8x16                        0x08000ca5   Thumb Code   118  oled0561.o(i.OLED_DISPLAY_8x16)
    OLED_DISPLAY_8x16_BUFFER                 0x08000d21   Thumb Code    34  oled0561.o(i.OLED_DISPLAY_8x16_BUFFER)
    OLED_DISPLAY_8x8                         0x08000d45   Thumb Code    86  oled0561.o(i.OLED_DISPLAY_8x8)
    OLED_DISPLAY_CLEAR                       0x08000da1   Thumb Code    64  oled0561.o(i.OLED_DISPLAY_CLEAR)
    OLED_DISPLAY_OFF                         0x08000de1   Thumb Code    22  oled0561.o(i.OLED_DISPLAY_OFF)
    OLED_DISPLAY_ON                          0x08000dfd   Thumb Code    30  oled0561.o(i.OLED_DISPLAY_ON)
    OSCfg_Init                               0x08000e21   Thumb Code     2  os_cfg_app.o(i.OSCfg_Init)
    OSIdleTaskHook                           0x08000e25   Thumb Code    12  os_cpu_c.o(i.OSIdleTaskHook)
    OSInit                                   0x08000e35   Thumb Code   290  os_core.o(i.OSInit)
    OSInitHook                               0x08000fb9   Thumb Code    38  os_cpu_c.o(i.OSInitHook)
    OSIntEnter                               0x08000fed   Thumb Code    22  os_core.o(i.OSIntEnter)
    OSIntExit                                0x0800100d   Thumb Code   108  os_core.o(i.OSIntExit)
    OSSched                                  0x0800109d   Thumb Code    90  os_core.o(i.OSSched)
    OSSchedLock                              0x08001119   Thumb Code    80  os_core.o(i.OSSchedLock)
    OSSchedRoundRobinCfg                     0x08001175   Thumb Code    74  os_core.o(i.OSSchedRoundRobinCfg)
    OSSchedUnlock                            0x080011cd   Thumb Code   104  os_core.o(i.OSSchedUnlock)
    OSStart                                  0x08001241   Thumb Code    62  os_core.o(i.OSStart)
    OSStatReset                              0x08001299   Thumb Code   198  os_stat.o(i.OSStatReset)
    OSStatTaskCPUUsageInit                   0x0800138d   Thumb Code   150  os_stat.o(i.OSStatTaskCPUUsageInit)
    OSStatTaskHook                           0x08001441   Thumb Code    12  os_cpu_c.o(i.OSStatTaskHook)
    OSTaskCreate                             0x08001451   Thumb Code   470  os_task.o(i.OSTaskCreate)
    OSTaskCreateHook                         0x0800164d   Thumb Code    12  os_cpu_c.o(i.OSTaskCreateHook)
    OSTaskDel                                0x0800165d   Thumb Code   336  os_task.o(i.OSTaskDel)
    OSTaskDelHook                            0x080017c9   Thumb Code    12  os_cpu_c.o(i.OSTaskDelHook)
    OSTaskResume                             0x080017d9   Thumb Code    98  os_task.o(i.OSTaskResume)
    OSTaskReturnHook                         0x08001849   Thumb Code    12  os_cpu_c.o(i.OSTaskReturnHook)
    OSTaskSemPend                            0x08001859   Thumb Code   352  os_task.o(i.OSTaskSemPend)
    OSTaskStkChk                             0x080019c5   Thumb Code   162  os_task.o(i.OSTaskStkChk)
    OSTaskStkInit                            0x08001a71   Thumb Code    94  os_cpu_c.o(i.OSTaskStkInit)
    OSTaskSuspend                            0x08001ad5   Thumb Code    66  os_task.o(i.OSTaskSuspend)
    OSTaskSwHook                             0x08001b29   Thumb Code    84  os_cpu_c.o(i.OSTaskSwHook)
    OSTimeDly                                0x08001b8d   Thumb Code   224  os_time.o(i.OSTimeDly)
    OSTimeDlyHMSM                            0x08001c79   Thumb Code   374  os_time.o(i.OSTimeDlyHMSM)
    OSTimeTick                               0x08001e01   Thumb Code    52  os_time.o(i.OSTimeTick)
    OSTimeTickHook                           0x08001e41   Thumb Code    12  os_cpu_c.o(i.OSTimeTickHook)
    OS_CPU_SysTickHandler                    0x08001e51   Thumb Code    42  os_cpu_c.o(i.OS_CPU_SysTickHandler)
    OS_Dbg_Init                              0x08001e81   Thumb Code     2  os_dbg.o(i.OS_Dbg_Init)
    OS_FlagInit                              0x08001e85   Thumb Code    14  os_flag.o(i.OS_FlagInit)
    OS_FlagPost                              0x08001e9d   Thumb Code   380  os_flag.o(i.OS_FlagPost)
    OS_FlagTaskRdy                           0x08002021   Thumb Code    64  os_flag.o(i.OS_FlagTaskRdy)
    OS_IdleTask                              0x08002061   Thumb Code    42  os_core.o(i.OS_IdleTask)
    OS_IdleTaskInit                          0x08002095   Thumb Code    60  os_core.o(i.OS_IdleTaskInit)
    OS_IntQPost                              0x080020fd   Thumb Code   148  os_int.o(i.OS_IntQPost)
    OS_IntQRePost                            0x080021b5   Thumb Code   224  os_int.o(i.OS_IntQRePost)
    OS_IntQTask                              0x080022d1   Thumb Code   120  os_int.o(i.OS_IntQTask)
    OS_IntQTaskInit                          0x08002359   Thumb Code   180  os_int.o(i.OS_IntQTaskInit)
    OS_MemInit                               0x08002465   Thumb Code    14  os_mem.o(i.OS_MemInit)
    OS_MsgPoolInit                           0x0800247d   Thumb Code    90  os_msg.o(i.OS_MsgPoolInit)
    OS_MsgQFreeAll                           0x080024e5   Thumb Code    48  os_msg.o(i.OS_MsgQFreeAll)
    OS_MsgQInit                              0x08002519   Thumb Code    14  os_msg.o(i.OS_MsgQInit)
    OS_MsgQPut                               0x08002529   Thumb Code   132  os_msg.o(i.OS_MsgQPut)
    OS_MutexInit                             0x080025b1   Thumb Code    14  os_mutex.o(i.OS_MutexInit)
    OS_Pend                                  0x080025c9   Thumb Code    74  os_core.o(i.OS_Pend)
    OS_PendDataInit                          0x08002619   Thumb Code    38  os_core.o(i.OS_PendDataInit)
    OS_PendDbgNameAdd                        0x08002641   Thumb Code    46  os_core.o(i.OS_PendDbgNameAdd)
    OS_PendDbgNameRemove                     0x08002689   Thumb Code    22  os_core.o(i.OS_PendDbgNameRemove)
    OS_PendListInsertPrio                    0x080026a5   Thumb Code    90  os_core.o(i.OS_PendListInsertPrio)
    OS_PendListRemove                        0x080026ff   Thumb Code    38  os_core.o(i.OS_PendListRemove)
    OS_PendListRemove1                       0x08002725   Thumb Code    54  os_core.o(i.OS_PendListRemove1)
    OS_Post                                  0x0800275b   Thumb Code   154  os_core.o(i.OS_Post)
    OS_Post1                                 0x080027f5   Thumb Code    38  os_core.o(i.OS_Post1)
    OS_PrioGetHighest                        0x0800281d   Thumb Code    32  os_prio.o(i.OS_PrioGetHighest)
    OS_PrioInit                              0x08002841   Thumb Code     8  os_prio.o(i.OS_PrioInit)
    OS_PrioInsert                            0x0800284d   Thumb Code    28  os_prio.o(i.OS_PrioInsert)
    OS_PrioRemove                            0x0800286d   Thumb Code    28  os_prio.o(i.OS_PrioRemove)
    OS_QInit                                 0x0800288d   Thumb Code    14  os_q.o(i.OS_QInit)
    OS_QPost                                 0x080028a5   Thumb Code   254  os_q.o(i.OS_QPost)
    OS_RdyListInit                           0x080029ad   Thumb Code    32  os_core.o(i.OS_RdyListInit)
    OS_RdyListInsert                         0x080029d1   Thumb Code    42  os_core.o(i.OS_RdyListInsert)
    OS_RdyListInsertHead                     0x08002a01   Thumb Code    52  os_core.o(i.OS_RdyListInsertHead)
    OS_RdyListInsertTail                     0x08002a39   Thumb Code    48  os_core.o(i.OS_RdyListInsertTail)
    OS_RdyListMoveHeadToTail                 0x08002a6d   Thumb Code    52  os_core.o(i.OS_RdyListMoveHeadToTail)
    OS_RdyListRemove                         0x08002aa1   Thumb Code    78  os_core.o(i.OS_RdyListRemove)
    OS_Sched0                                0x08002af5   Thumb Code    50  os_core.o(i.OS_Sched0)
    OS_SchedLockTimeMeasStart                0x08002b3d   Thumb Code    20  os_core.o(i.OS_SchedLockTimeMeasStart)
    OS_SchedLockTimeMeasStop                 0x08002b59   Thumb Code    42  os_core.o(i.OS_SchedLockTimeMeasStop)
    OS_SchedRoundRobin                       0x08002b95   Thumb Code    88  os_core.o(i.OS_SchedRoundRobin)
    OS_SemInit                               0x08002bfd   Thumb Code    14  os_sem.o(i.OS_SemInit)
    OS_SemPost                               0x08002c15   Thumb Code   224  os_sem.o(i.OS_SemPost)
    OS_StatTask                              0x08002cf9   Thumb Code   602  os_stat.o(i.OS_StatTask)
    OS_StatTaskInit                          0x08002f9d   Thumb Code   118  os_stat.o(i.OS_StatTaskInit)
    OS_TaskBlock                             0x08003059   Thumb Code    42  os_core.o(i.OS_TaskBlock)
    OS_TaskDbgListAdd                        0x08003085   Thumb Code    30  os_task.o(i.OS_TaskDbgListAdd)
    OS_TaskDbgListRemove                     0x080030a9   Thumb Code    52  os_task.o(i.OS_TaskDbgListRemove)
    OS_TaskInit                              0x080030e1   Thumb Code    18  os_task.o(i.OS_TaskInit)
    OS_TaskInitTCB                           0x08003101   Thumb Code   172  os_task.o(i.OS_TaskInitTCB)
    OS_TaskQPost                             0x080031b9   Thumb Code   310  os_task.o(i.OS_TaskQPost)
    OS_TaskRdy                               0x080032fd   Thumb Code    28  os_core.o(i.OS_TaskRdy)
    OS_TaskResume                            0x08003319   Thumb Code   252  os_task.o(i.OS_TaskResume)
    OS_TaskReturn                            0x08003419   Thumb Code    20  os_task.o(i.OS_TaskReturn)
    OS_TaskSemPost                           0x08003431   Thumb Code   390  os_task.o(i.OS_TaskSemPost)
    OS_TaskSuspend                           0x080035c5   Thumb Code   224  os_task.o(i.OS_TaskSuspend)
    OS_TickListInit                          0x080036ad   Thumb Code    34  os_tick.o(i.OS_TickListInit)
    OS_TickListInsert                        0x080036d9   Thumb Code   202  os_tick.o(i.OS_TickListInsert)
    OS_TickListRemove                        0x080037b1   Thumb Code    54  os_tick.o(i.OS_TickListRemove)
    OS_TickListResetPeak                     0x080037e9   Thumb Code    30  os_tick.o(i.OS_TickListResetPeak)
    OS_TickListUpdate                        0x08003811   Thumb Code   354  os_tick.o(i.OS_TickListUpdate)
    OS_TickTask                              0x0800398d   Thumb Code    36  os_tick.o(i.OS_TickTask)
    OS_TickTaskInit                          0x080039b5   Thumb Code   112  os_tick.o(i.OS_TickTaskInit)
    OS_TmrInit                               0x08003a5d   Thumb Code   172  os_tmr.o(i.OS_TmrInit)
    OS_TmrLink                               0x08003b61   Thumb Code   140  os_tmr.o(i.OS_TmrLink)
    OS_TmrResetPeak                          0x08003bf9   Thumb Code    30  os_tmr.o(i.OS_TmrResetPeak)
    OS_TmrTask                               0x08003c21   Thumb Code   146  os_tmr.o(i.OS_TmrTask)
    OS_TmrUnlink                             0x08003cc5   Thumb Code    68  os_tmr.o(i.OS_TmrUnlink)
    RCC_AHBPeriphClockCmd                    0x08003d11   Thumb Code    18  stm32f10x_rcc.o(i.RCC_AHBPeriphClockCmd)
    RCC_APB1PeriphClockCmd                   0x08003d29   Thumb Code    18  stm32f10x_rcc.o(i.RCC_APB1PeriphClockCmd)
    RCC_APB1PeriphResetCmd                   0x08003d41   Thumb Code    18  stm32f10x_rcc.o(i.RCC_APB1PeriphResetCmd)
    RCC_APB2PeriphClockCmd                   0x08003d59   Thumb Code    18  stm32f10x_rcc.o(i.RCC_APB2PeriphClockCmd)
    RCC_APB2PeriphResetCmd                   0x08003d71   Thumb Code    18  stm32f10x_rcc.o(i.RCC_APB2PeriphResetCmd)
    RCC_GetClocksFreq                        0x08003d89   Thumb Code   130  stm32f10x_rcc.o(i.RCC_GetClocksFreq)
    RTCAlarm_IRQHandler                      0x08003e1d   Thumb Code    22  rtc.o(i.RTCAlarm_IRQHandler)
    RTC_ClearITPendingBit                    0x08003e35   Thumb Code    10  stm32f10x_rtc.o(i.RTC_ClearITPendingBit)
    RTC_GetITStatus                          0x08003e45   Thumb Code    28  stm32f10x_rtc.o(i.RTC_GetITStatus)
    RTC_IRQHandler                           0x08003e65   Thumb Code    22  rtc.o(i.RTC_IRQHandler)
    RTC_WaitForLastTask                      0x08003e7d   Thumb Code    10  stm32f10x_rtc.o(i.RTC_WaitForLastTask)
    SVC_Handler                              0x08003e8d   Thumb Code     2  stm32f10x_it.o(i.SVC_Handler)
    SysTick_CLKSourceConfig                  0x08003f39   Thumb Code    24  misc.o(i.SysTick_CLKSourceConfig)
    SystemInit                               0x08003f51   Thumb Code    64  system_stm32f10x.o(i.SystemInit)
    USART1_IRQHandler                        0x08003fa1   Thumb Code    94  usart.o(i.USART1_IRQHandler)
    USART_Cmd                                0x0800400d   Thumb Code    20  stm32f10x_usart.o(i.USART_Cmd)
    USART_DeInit                             0x08004021   Thumb Code    96  stm32f10x_usart.o(i.USART_DeInit)
    USART_GetITStatus                        0x08004095   Thumb Code    62  stm32f10x_usart.o(i.USART_GetITStatus)
    USART_ITConfig                           0x080040d3   Thumb Code    48  stm32f10x_usart.o(i.USART_ITConfig)
    USART_Init                               0x08004105   Thumb Code   176  stm32f10x_usart.o(i.USART_Init)
    USART_ReceiveData                        0x080041b9   Thumb Code     8  stm32f10x_usart.o(i.USART_ReceiveData)
    UsageFault_Handler                       0x080041c1   Thumb Code     2  stm32f10x_it.o(i.UsageFault_Handler)
    __scatterload_copy                       0x080041c3   Thumb Code    14  handlers.o(i.__scatterload_copy)
    __scatterload_null                       0x080041d1   Thumb Code     2  handlers.o(i.__scatterload_null)
    __scatterload_zeroinit                   0x080041d3   Thumb Code    14  handlers.o(i.__scatterload_zeroinit)
    clearQueue                               0x080041e1   Thumb Code    12  queue.o(i.clearQueue)
    ctr_task                                 0x080041ed   Thumb Code    90  main.o(i.ctr_task)
    deQueue                                  0x08004251   Thumb Code    32  queue.o(i.deQueue)
    delay_ms                                 0x08004271   Thumb Code    56  systemclock.o(i.delay_ms)
    delay_ostimedly                          0x080042b5   Thumb Code    12  systemclock.o(i.delay_ostimedly)
    delay_us                                 0x080042c1   Thumb Code    62  systemclock.o(i.delay_us)
    enQueue                                  0x08004305   Thumb Code    46  queue.o(i.enQueue)
    init                                     0x08004333   Thumb Code    24  queue.o(i.init)
    isFull                                   0x0800434b   Thumb Code    30  queue.o(i.isFull)
    main                                     0x08004369   Thumb Code   208  main.o(i.main)
    malloc                                   0x08004459   Thumb Code    92  malloc.o(i.malloc)
    oled_task                                0x080044c5   Thumb Code  1286  main.o(i.oled_task)
    searchQueue                              0x080049d5   Thumb Code    70  queue.o(i.searchQueue)
    start_task                               0x08004a1d   Thumb Code   234  main.o(i.start_task)
    systemdelay_init                         0x08004b3d   Thumb Code    72  systemclock.o(i.systemdelay_init)
    uart_init                                0x08004b99   Thumb Code   156  usart.o(i.uart_init)
    F8x8                                     0x08004c3c   Data          24  oled0561.o(.constdata)
    ASCII_8x16                               0x08004c54   Data        1536  oled0561.o(.constdata)
    OSCfg_IdleTaskStkBasePtr                 0x08005274   Data           4  os_cfg_app.o(.constdata)
    OSCfg_IdleTaskStkLimit                   0x08005278   Data           4  os_cfg_app.o(.constdata)
    OSCfg_IdleTaskStkSize                    0x0800527c   Data           4  os_cfg_app.o(.constdata)
    OSCfg_IntQBasePtr                        0x08005280   Data           4  os_cfg_app.o(.constdata)
    OSCfg_IntQSize                           0x08005284   Data           2  os_cfg_app.o(.constdata)
    OSCfg_IntQTaskStkBasePtr                 0x08005288   Data           4  os_cfg_app.o(.constdata)
    OSCfg_IntQTaskStkLimit                   0x0800528c   Data           4  os_cfg_app.o(.constdata)
    OSCfg_IntQTaskStkSize                    0x08005290   Data           4  os_cfg_app.o(.constdata)
    OSCfg_ISRStkBasePtr                      0x08005294   Data           4  os_cfg_app.o(.constdata)
    OSCfg_ISRStkSize                         0x08005298   Data           4  os_cfg_app.o(.constdata)
    OSCfg_MsgPoolSize                        0x0800529c   Data           2  os_cfg_app.o(.constdata)
    OSCfg_MsgPoolBasePtr                     0x080052a0   Data           4  os_cfg_app.o(.constdata)
    OSCfg_StatTaskPrio                       0x080052a4   Data           1  os_cfg_app.o(.constdata)
    OSCfg_StatTaskRate_Hz                    0x080052a8   Data           4  os_cfg_app.o(.constdata)
    OSCfg_StatTaskStkBasePtr                 0x080052ac   Data           4  os_cfg_app.o(.constdata)
    OSCfg_StatTaskStkLimit                   0x080052b0   Data           4  os_cfg_app.o(.constdata)
    OSCfg_StatTaskStkSize                    0x080052b4   Data           4  os_cfg_app.o(.constdata)
    OSCfg_StkSizeMin                         0x080052b8   Data           4  os_cfg_app.o(.constdata)
    OSCfg_TickRate_Hz                        0x080052bc   Data           4  os_cfg_app.o(.constdata)
    OSCfg_TickTaskPrio                       0x080052c0   Data           1  os_cfg_app.o(.constdata)
    OSCfg_TickTaskStkBasePtr                 0x080052c4   Data           4  os_cfg_app.o(.constdata)
    OSCfg_TickTaskStkLimit                   0x080052c8   Data           4  os_cfg_app.o(.constdata)
    OSCfg_TickTaskStkSize                    0x080052cc   Data           4  os_cfg_app.o(.constdata)
    OSCfg_TickWheelSize                      0x080052d0   Data           2  os_cfg_app.o(.constdata)
    OSCfg_TmrTaskPrio                        0x080052d2   Data           1  os_cfg_app.o(.constdata)
    OSCfg_TmrTaskRate_Hz                     0x080052d4   Data           4  os_cfg_app.o(.constdata)
    OSCfg_TmrTaskStkBasePtr                  0x080052d8   Data           4  os_cfg_app.o(.constdata)
    OSCfg_TmrTaskStkLimit                    0x080052dc   Data           4  os_cfg_app.o(.constdata)
    OSCfg_TmrTaskStkSize                     0x080052e0   Data           4  os_cfg_app.o(.constdata)
    OSCfg_TmrWheelSize                       0x080052e4   Data           2  os_cfg_app.o(.constdata)
    Region$$Table$$Base                      0x080052ec   Number         0  anon$$obj.o(Region$$Table)
    Region$$Table$$Limit                     0x0800530c   Number         0  anon$$obj.o(Region$$Table)
    SystemCoreClock                          0x20000000   Data           4  system_stm32f10x.o(.data)
    AHBPrescTable                            0x20000004   Data          16  system_stm32f10x.o(.data)
    vector                                   0x20000014   Data           1  main.o(.data)
    score                                    0x20000015   Data           1  main.o(.data)
    USART_RX_STA                             0x2000001a   Data           2  usart.o(.data)
    ADC_DMA_IN                               0x2000001c   Data           4  adc.o(.data)
    OSPrioTbl                                0x20000034   Data           4  os_prio.o(.data)
    OS_AppTaskCreateHookPtr                  0x20000038   Data           4  os_var.o(.data)
    OS_AppTaskDelHookPtr                     0x2000003c   Data           4  os_var.o(.data)
    OS_AppTaskReturnHookPtr                  0x20000040   Data           4  os_var.o(.data)
    OS_AppIdleTaskHookPtr                    0x20000044   Data           4  os_var.o(.data)
    OS_AppStatTaskHookPtr                    0x20000048   Data           4  os_var.o(.data)
    OS_AppTaskSwHookPtr                      0x2000004c   Data           4  os_var.o(.data)
    OS_AppTimeTickHookPtr                    0x20000050   Data           4  os_var.o(.data)
    OSIdleTaskCtr                            0x20000054   Data           4  os_var.o(.data)
    OSIntNestingCtr                          0x20000058   Data           1  os_var.o(.data)
    OSIntDisTimeMax                          0x2000005c   Data           4  os_var.o(.data)
    OSRunning                                0x20000060   Data           1  os_var.o(.data)
    OSIntQInPtr                              0x20000064   Data           4  os_var.o(.data)
    OSIntQOutPtr                             0x20000068   Data           4  os_var.o(.data)
    OSIntQNbrEntries                         0x2000006c   Data           2  os_var.o(.data)
    OSIntQNbrEntriesMax                      0x2000006e   Data           2  os_var.o(.data)
    OSIntQOvfCtr                             0x20000070   Data           2  os_var.o(.data)
    OSIntQTaskTimeMax                        0x20000074   Data           4  os_var.o(.data)
    OSFlagDbgListPtr                         0x20000078   Data           4  os_var.o(.data)
    OSFlagQty                                0x2000007c   Data           2  os_var.o(.data)
    OSMemDbgListPtr                          0x20000080   Data           4  os_var.o(.data)
    OSMemQty                                 0x20000084   Data           2  os_var.o(.data)
    OSMutexDbgListPtr                        0x20000088   Data           4  os_var.o(.data)
    OSMutexQty                               0x2000008c   Data           2  os_var.o(.data)
    OSPrioCur                                0x2000008e   Data           1  os_var.o(.data)
    OSPrioHighRdy                            0x2000008f   Data           1  os_var.o(.data)
    OSPrioSaved                              0x20000090   Data           1  os_var.o(.data)
    OSQDbgListPtr                            0x20000094   Data           4  os_var.o(.data)
    OSQQty                                   0x20000098   Data           2  os_var.o(.data)
    OSSchedLockTimeBegin                     0x2000009c   Data           4  os_var.o(.data)
    OSSchedLockTimeMax                       0x200000a0   Data           4  os_var.o(.data)
    OSSchedLockTimeMaxCur                    0x200000a4   Data           4  os_var.o(.data)
    OSSchedLockNestingCtr                    0x200000a8   Data           1  os_var.o(.data)
    OSSchedRoundRobinDfltTimeQuanta          0x200000ac   Data           4  os_var.o(.data)
    OSSchedRoundRobinEn                      0x200000b0   Data           1  os_var.o(.data)
    OSSemDbgListPtr                          0x200000b4   Data           4  os_var.o(.data)
    OSSemQty                                 0x200000b8   Data           2  os_var.o(.data)
    OSStatResetFlag                          0x200000ba   Data           1  os_var.o(.data)
    OSStatTaskCPUUsage                       0x200000bc   Data           2  os_var.o(.data)
    OSStatTaskCPUUsageMax                    0x200000be   Data           2  os_var.o(.data)
    OSStatTaskCtr                            0x200000c0   Data           4  os_var.o(.data)
    OSStatTaskCtrMax                         0x200000c4   Data           4  os_var.o(.data)
    OSStatTaskCtrRun                         0x200000c8   Data           4  os_var.o(.data)
    OSStatTaskRdy                            0x200000cc   Data           1  os_var.o(.data)
    OSStatTaskTimeMax                        0x200000d0   Data           4  os_var.o(.data)
    OSTaskCtxSwCtr                           0x200000d4   Data           4  os_var.o(.data)
    OSTaskDbgListPtr                         0x200000d8   Data           4  os_var.o(.data)
    OSTaskQty                                0x200000dc   Data           2  os_var.o(.data)
    OSTaskRegNextAvailID                     0x200000de   Data           1  os_var.o(.data)
    OSTickCtr                                0x200000e0   Data           4  os_var.o(.data)
    OSTickTaskTimeMax                        0x200000e4   Data           4  os_var.o(.data)
    OSTmrDbgListPtr                          0x200000e8   Data           4  os_var.o(.data)
    OSTmrTaskTimeMax                         0x200000ec   Data           4  os_var.o(.data)
    OSTmrTickCtr                             0x200000f0   Data           4  os_var.o(.data)
    OSTmrUpdateCnt                           0x200000f4   Data           4  os_var.o(.data)
    OSTmrUpdateCtr                           0x200000f8   Data           4  os_var.o(.data)
    OSTCBCurPtr                              0x200000fc   Data           4  os_var.o(.data)
    OSTCBHighRdyPtr                          0x20000100   Data           4  os_var.o(.data)
    OS_CPU_ExceptStkBase                     0x20000104   Data           4  os_cpu_c.o(.data)
    CPU_IntDisMeasCtr                        0x20000108   Data           2  cpu_core.o(.data)
    CPU_IntDisNestCtr                        0x2000010a   Data           2  cpu_core.o(.data)
    CPU_TS_TmrFreq_Hz                        0x2000010c   Data           4  cpu_core.o(.data)
    CPU_IntDisMeasStart_cnts                 0x20000110   Data           4  cpu_core.o(.data)
    CPU_IntDisMeasStop_cnts                  0x20000114   Data           4  cpu_core.o(.data)
    CPU_IntDisMeasOvrhd_cnts                 0x20000118   Data           4  cpu_core.o(.data)
    CPU_IntDisMeasMaxCur_cnts                0x2000011c   Data           4  cpu_core.o(.data)
    CPU_IntDisMeasMax_cnts                   0x20000120   Data           4  cpu_core.o(.data)
    __microlib_freelist                      0x20000128   Data           4  mvars.o(.data)
    __microlib_freelist_initialised          0x2000012c   Data           4  mvars.o(.data)
    StartTaskTCB                             0x20000130   Data         200  main.o(.bss)
    START_TASK_STK                           0x200001f8   Data         256  main.o(.bss)
    OLEDTaskTCB                              0x200002f8   Data         200  main.o(.bss)
    OLED_TASK_STK                            0x200003c0   Data         512  main.o(.bss)
    CTRTaskTCB                               0x200005c0   Data         200  main.o(.bss)
    CTR_TASK_STK                             0x20000688   Data         256  main.o(.bss)
    q_x                                      0x20000788   Data          16  main.o(.bss)
    q_y                                      0x20000798   Data          16  main.o(.bss)
    USART_RX_BUF                             0x200007a8   Data         200  usart.o(.bss)
    OSCfg_IdleTaskStk                        0x20000870   Data         512  os_cfg_app.o(.bss)
    OSCfg_IntQ                               0x20000a70   Data         320  os_cfg_app.o(.bss)
    OSCfg_IntQTaskStk                        0x20000bb0   Data         512  os_cfg_app.o(.bss)
    OSCfg_ISRStk                             0x20000db0   Data         512  os_cfg_app.o(.bss)
    OSCfg_MsgPool                            0x20000fb0   Data        1600  os_cfg_app.o(.bss)
    OSCfg_StatTaskStk                        0x200015f0   Data         512  os_cfg_app.o(.bss)
    OSCfg_TickTaskStk                        0x200017f0   Data         512  os_cfg_app.o(.bss)
    OSCfg_TickWheel                          0x200019f0   Data         136  os_cfg_app.o(.bss)
    OSCfg_TmrTaskStk                         0x20001a78   Data         512  os_cfg_app.o(.bss)
    OSCfg_TmrWheel                           0x20001c78   Data         136  os_cfg_app.o(.bss)
    OSIdleTaskTCB                            0x20001d00   Data         200  os_var.o(.bss)
    OSIntQTaskTCB                            0x20001dc8   Data         200  os_var.o(.bss)
    OSMsgPool                                0x20001e90   Data          12  os_var.o(.bss)
    OSRdyList                                0x20001e9c   Data         384  os_var.o(.bss)
    OSStatTaskTCB                            0x2000201c   Data         200  os_var.o(.bss)
    OSTickTaskTCB                            0x200020e4   Data         200  os_var.o(.bss)
    OSTmrTaskTCB                             0x200021ac   Data         200  os_var.o(.bss)
    CPU_Name                                 0x20002274   Data          16  cpu_core.o(.bss)
    __heap_base                              0x20002288   Data           0  startup_stm32f10x_hd.o(HEAP)
    __heap_limit                             0x20002488   Data           0  startup_stm32f10x_hd.o(HEAP)
    __initial_sp                             0x20002888   Data           0  startup_stm32f10x_hd.o(STACK)



==============================================================================

Memory Map of the image

  Image Entry point : 0x08000131

  Load Region LR_IROM1 (Base: 0x08000000, Size: 0x0000543c, Max: 0x00010000, ABSOLUTE, COMPRESSED[0x00005328])

    Execution Region ER_IROM1 (Base: 0x08000000, Size: 0x0000530c, Max: 0x00010000, ABSOLUTE)

    Base Addr    Size         Type   Attr      Idx    E Section Name        Object

    0x08000000   0x00000130   Data   RO          722    RESET               startup_stm32f10x_hd.o
    0x08000130   0x00000000   Code   RO         5726  * .ARM.Collect$$$$00000000  mc_w.l(entry.o)
    0x08000130   0x00000004   Code   RO         5766    .ARM.Collect$$$$00000001  mc_w.l(entry2.o)
    0x08000134   0x00000004   Code   RO         5769    .ARM.Collect$$$$00000004  mc_w.l(entry5.o)
    0x08000138   0x00000000   Code   RO         5771    .ARM.Collect$$$$00000008  mc_w.l(entry7b.o)
    0x08000138   0x00000000   Code   RO         5773    .ARM.Collect$$$$0000000A  mc_w.l(entry8b.o)
    0x08000138   0x00000008   Code   RO         5774    .ARM.Collect$$$$0000000B  mc_w.l(entry9a.o)
    0x08000140   0x00000000   Code   RO         5776    .ARM.Collect$$$$0000000D  mc_w.l(entry10a.o)
    0x08000140   0x00000000   Code   RO         5778    .ARM.Collect$$$$0000000F  mc_w.l(entry11a.o)
    0x08000140   0x00000004   Code   RO         5767    .ARM.Collect$$$$00002712  mc_w.l(entry2.o)
    0x08000144   0x00000024   Code   RO          723    .text               startup_stm32f10x_hd.o
    0x08000168   0x00000034   Code   RO         5723    .text               cpu_a.o
    0x0800019c   0x00000024   Code   RO         5731    .text               mc_w.l(rand.o)
    0x080001c0   0x00000024   Code   RO         5734    .text               mc_w.l(memcpya.o)
    0x080001e4   0x00000024   Code   RO         5786    .text               mc_w.l(init.o)
    0x08000208   0x0000005c   Code   RO         5796    .text               mc_w.l(__dczerorl2.o)
    0x08000264   0x00000084   Code   RO         5434    CODE                os_cpu_a.o
    0x080002e8   0x00000014   Code   RO          769    i.ADC_Cmd           stm32f10x_adc.o
    0x080002fc   0x0000008c   Code   RO          618    i.ADC_Configuration  adc.o
    0x08000388   0x00000014   Code   RO          770    i.ADC_DMACmd        stm32f10x_adc.o
    0x0800039c   0x00000054   Code   RO          619    i.ADC_DMA_Init      adc.o
    0x080003f0   0x00000034   Code   RO          620    i.ADC_GPIO_Init     adc.o
    0x08000424   0x0000000e   Code   RO          777    i.ADC_GetCalibrationStatus  stm32f10x_adc.o
    0x08000432   0x0000000e   Code   RO          783    i.ADC_GetResetCalibrationStatus  stm32f10x_adc.o
    0x08000440   0x00000048   Code   RO          787    i.ADC_Init          stm32f10x_adc.o
    0x08000488   0x00000074   Code   RO          791    i.ADC_RegularChannelConfig  stm32f10x_adc.o
    0x080004fc   0x0000000a   Code   RO          792    i.ADC_ResetCalibration  stm32f10x_adc.o
    0x08000506   0x00000014   Code   RO          794    i.ADC_SoftwareStartConvCmd  stm32f10x_adc.o
    0x0800051a   0x0000000a   Code   RO          796    i.ADC_StartCalibration  stm32f10x_adc.o
    0x08000524   0x00000010   Code   RO         3676    i.BSP_CPU_ClkFreq   bsp.o
    0x08000534   0x00000002   Code   RO            1    i.BusFault_Handler  stm32f10x_it.o
    0x08000536   0x00000002   PAD
    0x08000538   0x0000001c   Code   RO         5523    i.CPU_Init          cpu_core.o
    0x08000554   0x0000004c   Code   RO         5524    i.CPU_IntDisMeasInit  cpu_core.o
    0x080005a0   0x00000014   Code   RO         5525    i.CPU_IntDisMeasMaxCalc  cpu_core.o
    0x080005b4   0x0000001c   Code   RO         5526    i.CPU_IntDisMeasMaxCurGet  cpu_core.o
    0x080005d0   0x00000020   Code   RO         5527    i.CPU_IntDisMeasMaxCurReset  cpu_core.o
    0x080005f0   0x0000001c   Code   RO         5528    i.CPU_IntDisMeasMaxGet  cpu_core.o
    0x0800060c   0x00000020   Code   RO         5529    i.CPU_IntDisMeasStart  cpu_core.o
    0x0800062c   0x00000030   Code   RO         5530    i.CPU_IntDisMeasStop  cpu_core.o
    0x0800065c   0x00000028   Code   RO         5531    i.CPU_NameClr       cpu_core.o
    0x08000684   0x0000000c   Code   RO         5537    i.CPU_TS_TmrFreqSet  cpu_core.o
    0x08000690   0x00000030   Code   RO         3678    i.CPU_TS_TmrInit    bsp.o
    0x080006c0   0x0000000c   Code   RO         3679    i.CPU_TS_TmrRd      bsp.o
    0x080006cc   0x00000016   Code   RO         1454    i.DMA_Cmd           stm32f10x_dma.o
    0x080006e2   0x00000002   PAD
    0x080006e4   0x000000e4   Code   RO         1455    i.DMA_DeInit        stm32f10x_dma.o
    0x080007c8   0x0000003a   Code   RO         1460    i.DMA_Init          stm32f10x_dma.o
    0x08000802   0x00000002   Code   RO            2    i.DebugMon_Handler  stm32f10x_it.o
    0x08000804   0x0000009e   Code   RO         1876    i.GPIO_Init         stm32f10x_gpio.o
    0x080008a2   0x0000000e   Code   RO         1880    i.GPIO_ReadInputDataBit  stm32f10x_gpio.o
    0x080008b0   0x00000004   Code   RO         1884    i.GPIO_SetBits      stm32f10x_gpio.o
    0x080008b4   0x00000002   Code   RO            3    i.HardFault_Handler  stm32f10x_it.o
    0x080008b6   0x00000018   Code   RO         1987    i.I2C_CheckEvent    stm32f10x_i2c.o
    0x080008ce   0x00000014   Code   RO         1990    i.I2C_Cmd           stm32f10x_i2c.o
    0x080008e2   0x00000002   PAD
    0x080008e4   0x00000048   Code   RO          497    i.I2C_Configuration  i2c.o
    0x0800092c   0x00000034   Code   RO          498    i.I2C_GPIO_Init     i2c.o
    0x08000960   0x00000014   Code   RO         1997    i.I2C_GenerateSTART  stm32f10x_i2c.o
    0x08000974   0x00000014   Code   RO         1998    i.I2C_GenerateSTOP  stm32f10x_i2c.o
    0x08000988   0x000000b8   Code   RO         2004    i.I2C_Init          stm32f10x_i2c.o
    0x08000a40   0x00000090   Code   RO          501    i.I2C_SAND_BUFFER   i2c.o
    0x08000ad0   0x00000080   Code   RO          502    i.I2C_SAND_BYTE     i2c.o
    0x08000b50   0x00000010   Code   RO         2011    i.I2C_Send7bitAddress  stm32f10x_i2c.o
    0x08000b60   0x00000004   Code   RO         2012    i.I2C_SendData      stm32f10x_i2c.o
    0x08000b64   0x00000024   Code   RO          645    i.JoyStick_Init     joystick.o
    0x08000b88   0x00000034   Code   RO          303    i.LED_Init          led.o
    0x08000bbc   0x00000002   Code   RO            4    i.MemManage_Handler  stm32f10x_it.o
    0x08000bbe   0x00000008   Code   RO         3918    i.Mem_Clr           lib_mem.o
    0x08000bc6   0x00000002   PAD
    0x08000bc8   0x0000004c   Code   RO         3935    i.Mem_Set           lib_mem.o
    0x08000c14   0x00000002   Code   RO            5    i.NMI_Handler       stm32f10x_it.o
    0x08000c16   0x00000002   PAD
    0x08000c18   0x00000064   Code   RO          727    i.NVIC_Init         misc.o
    0x08000c7c   0x00000014   Code   RO          728    i.NVIC_PriorityGroupConfig  misc.o
    0x08000c90   0x00000012   Code   RO          420    i.OLED0561_Init     oled0561.o
    0x08000ca2   0x00000002   PAD
    0x08000ca4   0x0000007c   Code   RO          421    i.OLED_DISPLAY_8x16  oled0561.o
    0x08000d20   0x00000022   Code   RO          422    i.OLED_DISPLAY_8x16_BUFFER  oled0561.o
    0x08000d42   0x00000002   PAD
    0x08000d44   0x0000005c   Code   RO          423    i.OLED_DISPLAY_8x8  oled0561.o
    0x08000da0   0x00000040   Code   RO          424    i.OLED_DISPLAY_CLEAR  oled0561.o
    0x08000de0   0x0000001c   Code   RO          426    i.OLED_DISPLAY_OFF  oled0561.o
    0x08000dfc   0x00000024   Code   RO          427    i.OLED_DISPLAY_ON   oled0561.o
    0x08000e20   0x00000002   Code   RO         4192    i.OSCfg_Init        os_cfg_app.o
    0x08000e22   0x00000002   PAD
    0x08000e24   0x00000010   Code   RO         5437    i.OSIdleTaskHook    os_cpu_c.o
    0x08000e34   0x00000184   Code   RO         4264    i.OSInit            os_core.o
    0x08000fb8   0x00000034   Code   RO         5438    i.OSInitHook        os_cpu_c.o
    0x08000fec   0x00000020   Code   RO         4265    i.OSIntEnter        os_core.o
    0x0800100c   0x00000090   Code   RO         4266    i.OSIntExit         os_core.o
    0x0800109c   0x0000007c   Code   RO         4267    i.OSSched           os_core.o
    0x08001118   0x0000005c   Code   RO         4268    i.OSSchedLock       os_core.o
    0x08001174   0x00000058   Code   RO         4269    i.OSSchedRoundRobinCfg  os_core.o
    0x080011cc   0x00000074   Code   RO         4271    i.OSSchedUnlock     os_core.o
    0x08001240   0x00000058   Code   RO         4272    i.OSStart           os_core.o
    0x08001298   0x000000f4   Code   RO         4979    i.OSStatReset       os_stat.o
    0x0800138c   0x000000b4   Code   RO         4980    i.OSStatTaskCPUUsageInit  os_stat.o
    0x08001440   0x00000010   Code   RO         5439    i.OSStatTaskHook    os_cpu_c.o
    0x08001450   0x000001fc   Code   RO         5010    i.OSTaskCreate      os_task.o
    0x0800164c   0x00000010   Code   RO         5440    i.OSTaskCreateHook  os_cpu_c.o
    0x0800165c   0x0000016c   Code   RO         5011    i.OSTaskDel         os_task.o
    0x080017c8   0x00000010   Code   RO         5441    i.OSTaskDelHook     os_cpu_c.o
    0x080017d8   0x00000070   Code   RO         5019    i.OSTaskResume      os_task.o
    0x08001848   0x00000010   Code   RO         5442    i.OSTaskReturnHook  os_cpu_c.o
    0x08001858   0x0000016c   Code   RO         5020    i.OSTaskSemPend     os_task.o
    0x080019c4   0x000000ac   Code   RO         5024    i.OSTaskStkChk      os_task.o
    0x08001a70   0x00000064   Code   RO         5443    i.OSTaskStkInit     os_cpu_c.o
    0x08001ad4   0x00000054   Code   RO         5025    i.OSTaskSuspend     os_task.o
    0x08001b28   0x00000064   Code   RO         5444    i.OSTaskSwHook      os_cpu_c.o
    0x08001b8c   0x000000ec   Code   RO         5225    i.OSTimeDly         os_time.o
    0x08001c78   0x00000188   Code   RO         5226    i.OSTimeDlyHMSM     os_time.o
    0x08001e00   0x00000040   Code   RO         5230    i.OSTimeTick        os_time.o
    0x08001e40   0x00000010   Code   RO         5445    i.OSTimeTickHook    os_cpu_c.o
    0x08001e50   0x00000030   Code   RO         5446    i.OS_CPU_SysTickHandler  os_cpu_c.o
    0x08001e80   0x00000002   Code   RO         4503    i.OS_Dbg_Init       os_dbg.o
    0x08001e82   0x00000002   PAD
    0x08001e84   0x00000018   Code   RO         4529    i.OS_FlagInit       os_flag.o
    0x08001e9c   0x00000184   Code   RO         4530    i.OS_FlagPost       os_flag.o
    0x08002020   0x00000040   Code   RO         4531    i.OS_FlagTaskRdy    os_flag.o
    0x08002060   0x00000034   Code   RO         4274    i.OS_IdleTask       os_core.o
    0x08002094   0x00000068   Code   RO         4275    i.OS_IdleTaskInit   os_core.o
    0x080020fc   0x000000b8   Code   RO         4603    i.OS_IntQPost       os_int.o
    0x080021b4   0x0000011c   Code   RO         4604    i.OS_IntQRePost     os_int.o
    0x080022d0   0x00000088   Code   RO         4605    i.OS_IntQTask       os_int.o
    0x08002358   0x0000010c   Code   RO         4606    i.OS_IntQTaskInit   os_int.o
    0x08002464   0x00000018   Code   RO         4637    i.OS_MemInit        os_mem.o
    0x0800247c   0x00000068   Code   RO         4669    i.OS_MsgPoolInit    os_msg.o
    0x080024e4   0x00000034   Code   RO         4670    i.OS_MsgQFreeAll    os_msg.o
    0x08002518   0x0000000e   Code   RO         4672    i.OS_MsgQInit       os_msg.o
    0x08002526   0x00000002   PAD
    0x08002528   0x00000088   Code   RO         4673    i.OS_MsgQPut        os_msg.o
    0x080025b0   0x00000018   Code   RO         4713    i.OS_MutexInit      os_mutex.o
    0x080025c8   0x00000050   Code   RO         4276    i.OS_Pend           os_core.o
    0x08002618   0x00000026   Code   RO         4279    i.OS_PendDataInit   os_core.o
    0x0800263e   0x00000002   PAD
    0x08002640   0x00000048   Code   RO         4280    i.OS_PendDbgNameAdd  os_core.o
    0x08002688   0x0000001c   Code   RO         4281    i.OS_PendDbgNameRemove  os_core.o
    0x080026a4   0x0000005a   Code   RO         4285    i.OS_PendListInsertPrio  os_core.o
    0x080026fe   0x00000026   Code   RO         4286    i.OS_PendListRemove  os_core.o
    0x08002724   0x00000036   Code   RO         4287    i.OS_PendListRemove1  os_core.o
    0x0800275a   0x0000009a   Code   RO         4290    i.OS_Post           os_core.o
    0x080027f4   0x00000026   Code   RO         4291    i.OS_Post1          os_core.o
    0x0800281a   0x00000002   PAD
    0x0800281c   0x00000024   Code   RO         4796    i.OS_PrioGetHighest  os_prio.o
    0x08002840   0x0000000c   Code   RO         4797    i.OS_PrioInit       os_prio.o
    0x0800284c   0x00000020   Code   RO         4798    i.OS_PrioInsert     os_prio.o
    0x0800286c   0x00000020   Code   RO         4799    i.OS_PrioRemove     os_prio.o
    0x0800288c   0x00000018   Code   RO         4842    i.OS_QInit          os_q.o
    0x080028a4   0x00000108   Code   RO         4843    i.OS_QPost          os_q.o
    0x080029ac   0x00000024   Code   RO         4292    i.OS_RdyListInit    os_core.o
    0x080029d0   0x00000030   Code   RO         4293    i.OS_RdyListInsert  os_core.o
    0x08002a00   0x00000038   Code   RO         4294    i.OS_RdyListInsertHead  os_core.o
    0x08002a38   0x00000034   Code   RO         4295    i.OS_RdyListInsertTail  os_core.o
    0x08002a6c   0x00000034   Code   RO         4296    i.OS_RdyListMoveHeadToTail  os_core.o
    0x08002aa0   0x00000054   Code   RO         4297    i.OS_RdyListRemove  os_core.o
    0x08002af4   0x00000048   Code   RO         4298    i.OS_Sched0         os_core.o
    0x08002b3c   0x0000001c   Code   RO         4299    i.OS_SchedLockTimeMeasStart  os_core.o
    0x08002b58   0x0000003c   Code   RO         4300    i.OS_SchedLockTimeMeasStop  os_core.o
    0x08002b94   0x00000068   Code   RO         4301    i.OS_SchedRoundRobin  os_core.o
    0x08002bfc   0x00000018   Code   RO         4915    i.OS_SemInit        os_sem.o
    0x08002c14   0x000000e4   Code   RO         4916    i.OS_SemPost        os_sem.o
    0x08002cf8   0x000002a4   Code   RO         4981    i.OS_StatTask       os_stat.o
    0x08002f9c   0x000000bc   Code   RO         4982    i.OS_StatTaskInit   os_stat.o
    0x08003058   0x0000002a   Code   RO         4302    i.OS_TaskBlock      os_core.o
    0x08003082   0x00000002   PAD
    0x08003084   0x00000024   Code   RO         5027    i.OS_TaskDbgListAdd  os_task.o
    0x080030a8   0x00000038   Code   RO         5028    i.OS_TaskDbgListRemove  os_task.o
    0x080030e0   0x00000020   Code   RO         5029    i.OS_TaskInit       os_task.o
    0x08003100   0x000000b8   Code   RO         5030    i.OS_TaskInitTCB    os_task.o
    0x080031b8   0x00000144   Code   RO         5031    i.OS_TaskQPost      os_task.o
    0x080032fc   0x0000001c   Code   RO         4303    i.OS_TaskRdy        os_core.o
    0x08003318   0x00000100   Code   RO         5032    i.OS_TaskResume     os_task.o
    0x08003418   0x00000018   Code   RO         5033    i.OS_TaskReturn     os_task.o
    0x08003430   0x00000194   Code   RO         5034    i.OS_TaskSemPost    os_task.o
    0x080035c4   0x000000e8   Code   RO         5035    i.OS_TaskSuspend    os_task.o
    0x080036ac   0x0000002c   Code   RO         5177    i.OS_TickListInit   os_tick.o
    0x080036d8   0x000000d8   Code   RO         5178    i.OS_TickListInsert  os_tick.o
    0x080037b0   0x00000036   Code   RO         5179    i.OS_TickListRemove  os_tick.o
    0x080037e6   0x00000002   PAD
    0x080037e8   0x00000028   Code   RO         5180    i.OS_TickListResetPeak  os_tick.o
    0x08003810   0x0000017c   Code   RO         5181    i.OS_TickListUpdate  os_tick.o
    0x0800398c   0x00000028   Code   RO         5182    i.OS_TickTask       os_tick.o
    0x080039b4   0x000000a8   Code   RO         5183    i.OS_TickTaskInit   os_tick.o
    0x08003a5c   0x00000104   Code   RO         5276    i.OS_TmrInit        os_tmr.o
    0x08003b60   0x00000098   Code   RO         5277    i.OS_TmrLink        os_tmr.o
    0x08003bf8   0x00000028   Code   RO         5278    i.OS_TmrResetPeak   os_tmr.o
    0x08003c20   0x000000a4   Code   RO         5279    i.OS_TmrTask        os_tmr.o
    0x08003cc4   0x0000004c   Code   RO         5280    i.OS_TmrUnlink      os_tmr.o
    0x08003d10   0x00000018   Code   RO         2291    i.RCC_AHBPeriphClockCmd  stm32f10x_rcc.o
    0x08003d28   0x00000018   Code   RO         2292    i.RCC_APB1PeriphClockCmd  stm32f10x_rcc.o
    0x08003d40   0x00000018   Code   RO         2293    i.RCC_APB1PeriphResetCmd  stm32f10x_rcc.o
    0x08003d58   0x00000018   Code   RO         2294    i.RCC_APB2PeriphClockCmd  stm32f10x_rcc.o
    0x08003d70   0x00000018   Code   RO         2295    i.RCC_APB2PeriphResetCmd  stm32f10x_rcc.o
    0x08003d88   0x00000094   Code   RO         2302    i.RCC_GetClocksFreq  stm32f10x_rcc.o
    0x08003e1c   0x00000016   Code   RO          540    i.RTCAlarm_IRQHandler  rtc.o
    0x08003e32   0x00000002   PAD
    0x08003e34   0x00000010   Code   RO         2491    i.RTC_ClearITPendingBit  stm32f10x_rtc.o
    0x08003e44   0x00000020   Code   RO         2497    i.RTC_GetITStatus   stm32f10x_rtc.o
    0x08003e64   0x00000016   Code   RO          545    i.RTC_IRQHandler    rtc.o
    0x08003e7a   0x00000002   PAD
    0x08003e7c   0x00000010   Code   RO         2502    i.RTC_WaitForLastTask  stm32f10x_rtc.o
    0x08003e8c   0x00000002   Code   RO            6    i.SVC_Handler       stm32f10x_it.o
    0x08003e8e   0x00000002   PAD
    0x08003e90   0x000000a8   Code   RO          140    i.SetSysClockTo72   system_stm32f10x.o
    0x08003f38   0x00000018   Code   RO          731    i.SysTick_CLKSourceConfig  misc.o
    0x08003f50   0x00000050   Code   RO          142    i.SystemInit        system_stm32f10x.o
    0x08003fa0   0x0000006c   Code   RO          375    i.USART1_IRQHandler  usart.o
    0x0800400c   0x00000014   Code   RO         3446    i.USART_Cmd         stm32f10x_usart.o
    0x08004020   0x00000074   Code   RO         3448    i.USART_DeInit      stm32f10x_usart.o
    0x08004094   0x0000003e   Code   RO         3450    i.USART_GetITStatus  stm32f10x_usart.o
    0x080040d2   0x00000030   Code   RO         3452    i.USART_ITConfig    stm32f10x_usart.o
    0x08004102   0x00000002   PAD
    0x08004104   0x000000b4   Code   RO         3453    i.USART_Init        stm32f10x_usart.o
    0x080041b8   0x00000008   Code   RO         3460    i.USART_ReceiveData  stm32f10x_usart.o
    0x080041c0   0x00000002   Code   RO            7    i.UsageFault_Handler  stm32f10x_it.o
    0x080041c2   0x0000000e   Code   RO         5790    i.__scatterload_copy  mc_w.l(handlers.o)
    0x080041d0   0x00000002   Code   RO         5791    i.__scatterload_null  mc_w.l(handlers.o)
    0x080041d2   0x0000000e   Code   RO         5792    i.__scatterload_zeroinit  mc_w.l(handlers.o)
    0x080041e0   0x0000000c   Code   RO          657    i.clearQueue        queue.o
    0x080041ec   0x00000064   Code   RO          169    i.ctr_task          main.o
    0x08004250   0x00000020   Code   RO          658    i.deQueue           queue.o
    0x08004270   0x00000044   Code   RO          328    i.delay_ms          systemclock.o
    0x080042b4   0x0000000c   Code   RO          331    i.delay_ostimedly   systemclock.o
    0x080042c0   0x00000044   Code   RO          332    i.delay_us          systemclock.o
    0x08004304   0x0000002e   Code   RO          659    i.enQueue           queue.o
    0x08004332   0x00000018   Code   RO          660    i.init              queue.o
    0x0800434a   0x0000001e   Code   RO          662    i.isFull            queue.o
    0x08004368   0x000000f0   Code   RO          170    i.main              main.o
    0x08004458   0x0000006c   Code   RO         5739    i.malloc            mc_w.l(malloc.o)
    0x080044c4   0x00000510   Code   RO          171    i.oled_task         main.o
    0x080049d4   0x00000046   Code   RO          663    i.searchQueue       queue.o
    0x08004a1a   0x00000002   PAD
    0x08004a1c   0x00000120   Code   RO          172    i.start_task        main.o
    0x08004b3c   0x0000005c   Code   RO          333    i.systemdelay_init  systemclock.o
    0x08004b98   0x000000a4   Code   RO          378    i.uart_init         usart.o
    0x08004c3c   0x00000637   Data   RO          428    .constdata          oled0561.o
    0x08005273   0x00000001   PAD
    0x08005274   0x00000004   Data   RO         4203    .constdata          os_cfg_app.o
    0x08005278   0x00000004   Data   RO         4204    .constdata          os_cfg_app.o
    0x0800527c   0x00000004   Data   RO         4205    .constdata          os_cfg_app.o
    0x08005280   0x00000004   Data   RO         4207    .constdata          os_cfg_app.o
    0x08005284   0x00000002   Data   RO         4208    .constdata          os_cfg_app.o
    0x08005286   0x00000002   PAD
    0x08005288   0x00000004   Data   RO         4210    .constdata          os_cfg_app.o
    0x0800528c   0x00000004   Data   RO         4211    .constdata          os_cfg_app.o
    0x08005290   0x00000004   Data   RO         4212    .constdata          os_cfg_app.o
    0x08005294   0x00000004   Data   RO         4214    .constdata          os_cfg_app.o
    0x08005298   0x00000004   Data   RO         4215    .constdata          os_cfg_app.o
    0x0800529c   0x00000002   Data   RO         4217    .constdata          os_cfg_app.o
    0x0800529e   0x00000002   PAD
    0x080052a0   0x00000004   Data   RO         4219    .constdata          os_cfg_app.o
    0x080052a4   0x00000001   Data   RO         4220    .constdata          os_cfg_app.o
    0x080052a5   0x00000003   PAD
    0x080052a8   0x00000004   Data   RO         4221    .constdata          os_cfg_app.o
    0x080052ac   0x00000004   Data   RO         4222    .constdata          os_cfg_app.o
    0x080052b0   0x00000004   Data   RO         4223    .constdata          os_cfg_app.o
    0x080052b4   0x00000004   Data   RO         4224    .constdata          os_cfg_app.o
    0x080052b8   0x00000004   Data   RO         4226    .constdata          os_cfg_app.o
    0x080052bc   0x00000004   Data   RO         4227    .constdata          os_cfg_app.o
    0x080052c0   0x00000001   Data   RO         4228    .constdata          os_cfg_app.o
    0x080052c1   0x00000003   PAD
    0x080052c4   0x00000004   Data   RO         4229    .constdata          os_cfg_app.o
    0x080052c8   0x00000004   Data   RO         4230    .constdata          os_cfg_app.o
    0x080052cc   0x00000004   Data   RO         4231    .constdata          os_cfg_app.o
    0x080052d0   0x00000002   Data   RO         4233    .constdata          os_cfg_app.o
    0x080052d2   0x00000001   Data   RO         4235    .constdata          os_cfg_app.o
    0x080052d3   0x00000001   PAD
    0x080052d4   0x00000004   Data   RO         4236    .constdata          os_cfg_app.o
    0x080052d8   0x00000004   Data   RO         4237    .constdata          os_cfg_app.o
    0x080052dc   0x00000004   Data   RO         4238    .constdata          os_cfg_app.o
    0x080052e0   0x00000004   Data   RO         4239    .constdata          os_cfg_app.o
    0x080052e4   0x00000002   Data   RO         4241    .constdata          os_cfg_app.o
    0x080052e6   0x00000002   PAD
    0x080052e8   0x00000002   Data   RO         4304    .constdata          os_core.o
    0x080052ea   0x00000002   PAD
    0x080052ec   0x00000020   Data   RO         5788    Region$$Table       anon$$obj.o


    Execution Region RW_IRAM1 (Base: 0x20000000, Size: 0x00002888, Max: 0x00005000, ABSOLUTE, COMPRESSED[0x0000001c])

    Base Addr    Size         Type   Attr      Idx    E Section Name        Object

    0x20000000   0x00000014   Data   RW          143    .data               system_stm32f10x.o
    0x20000014   0x00000002   Data   RW          174    .data               main.o
    0x20000016   0x00000004   Data   RW          334    .data               systemclock.o
    0x2000001a   0x00000002   Data   RW          380    .data               usart.o
    0x2000001c   0x00000004   Data   RW          621    .data               adc.o
    0x20000020   0x00000014   Data   RW         2322    .data               stm32f10x_rcc.o
    0x20000034   0x00000004   Data   RW         4800    .data               os_prio.o
    0x20000038   0x00000004   Data   RW         5364    .data               os_var.o
    0x2000003c   0x00000004   Data   RW         5365    .data               os_var.o
    0x20000040   0x00000004   Data   RW         5366    .data               os_var.o
    0x20000044   0x00000004   Data   RW         5367    .data               os_var.o
    0x20000048   0x00000004   Data   RW         5368    .data               os_var.o
    0x2000004c   0x00000004   Data   RW         5369    .data               os_var.o
    0x20000050   0x00000004   Data   RW         5370    .data               os_var.o
    0x20000054   0x00000004   Data   RW         5371    .data               os_var.o
    0x20000058   0x00000001   Data   RW         5372    .data               os_var.o
    0x20000059   0x00000003   PAD
    0x2000005c   0x00000004   Data   RW         5373    .data               os_var.o
    0x20000060   0x00000001   Data   RW         5374    .data               os_var.o
    0x20000061   0x00000003   PAD
    0x20000064   0x00000004   Data   RW         5375    .data               os_var.o
    0x20000068   0x00000004   Data   RW         5376    .data               os_var.o
    0x2000006c   0x00000002   Data   RW         5377    .data               os_var.o
    0x2000006e   0x00000002   Data   RW         5378    .data               os_var.o
    0x20000070   0x00000002   Data   RW         5379    .data               os_var.o
    0x20000072   0x00000002   PAD
    0x20000074   0x00000004   Data   RW         5380    .data               os_var.o
    0x20000078   0x00000004   Data   RW         5381    .data               os_var.o
    0x2000007c   0x00000002   Data   RW         5382    .data               os_var.o
    0x2000007e   0x00000002   PAD
    0x20000080   0x00000004   Data   RW         5383    .data               os_var.o
    0x20000084   0x00000002   Data   RW         5384    .data               os_var.o
    0x20000086   0x00000002   PAD
    0x20000088   0x00000004   Data   RW         5385    .data               os_var.o
    0x2000008c   0x00000002   Data   RW         5386    .data               os_var.o
    0x2000008e   0x00000001   Data   RW         5387    .data               os_var.o
    0x2000008f   0x00000001   Data   RW         5388    .data               os_var.o
    0x20000090   0x00000001   Data   RW         5389    .data               os_var.o
    0x20000091   0x00000003   PAD
    0x20000094   0x00000004   Data   RW         5390    .data               os_var.o
    0x20000098   0x00000002   Data   RW         5391    .data               os_var.o
    0x2000009a   0x00000002   PAD
    0x2000009c   0x00000004   Data   RW         5392    .data               os_var.o
    0x200000a0   0x00000004   Data   RW         5393    .data               os_var.o
    0x200000a4   0x00000004   Data   RW         5394    .data               os_var.o
    0x200000a8   0x00000001   Data   RW         5395    .data               os_var.o
    0x200000a9   0x00000003   PAD
    0x200000ac   0x00000004   Data   RW         5396    .data               os_var.o
    0x200000b0   0x00000001   Data   RW         5397    .data               os_var.o
    0x200000b1   0x00000003   PAD
    0x200000b4   0x00000004   Data   RW         5398    .data               os_var.o
    0x200000b8   0x00000002   Data   RW         5399    .data               os_var.o
    0x200000ba   0x00000001   Data   RW         5400    .data               os_var.o
    0x200000bb   0x00000001   PAD
    0x200000bc   0x00000002   Data   RW         5401    .data               os_var.o
    0x200000be   0x00000002   Data   RW         5402    .data               os_var.o
    0x200000c0   0x00000004   Data   RW         5403    .data               os_var.o
    0x200000c4   0x00000004   Data   RW         5404    .data               os_var.o
    0x200000c8   0x00000004   Data   RW         5405    .data               os_var.o
    0x200000cc   0x00000001   Data   RW         5406    .data               os_var.o
    0x200000cd   0x00000003   PAD
    0x200000d0   0x00000004   Data   RW         5407    .data               os_var.o
    0x200000d4   0x00000004   Data   RW         5408    .data               os_var.o
    0x200000d8   0x00000004   Data   RW         5409    .data               os_var.o
    0x200000dc   0x00000002   Data   RW         5410    .data               os_var.o
    0x200000de   0x00000001   Data   RW         5411    .data               os_var.o
    0x200000df   0x00000001   PAD
    0x200000e0   0x00000004   Data   RW         5412    .data               os_var.o
    0x200000e4   0x00000004   Data   RW         5413    .data               os_var.o
    0x200000e8   0x00000004   Data   RW         5414    .data               os_var.o
    0x200000ec   0x00000004   Data   RW         5416    .data               os_var.o
    0x200000f0   0x00000004   Data   RW         5417    .data               os_var.o
    0x200000f4   0x00000004   Data   RW         5418    .data               os_var.o
    0x200000f8   0x00000004   Data   RW         5419    .data               os_var.o
    0x200000fc   0x00000004   Data   RW         5420    .data               os_var.o
    0x20000100   0x00000004   Data   RW         5421    .data               os_var.o
    0x20000104   0x00000004   Data   RW         5448    .data               os_cpu_c.o
    0x20000108   0x0000001c   Data   RW         5541    .data               cpu_core.o
    0x20000124   0x00000004   Data   RW         5732    .data               mc_w.l(rand.o)
    0x20000128   0x00000004   Data   RW         5784    .data               mc_w.l(mvars.o)
    0x2000012c   0x00000004   Data   RW         5785    .data               mc_w.l(mvars.o)
    0x20000130   0x00000678   Zero   RW          173    .bss                main.o
    0x200007a8   0x000000c8   Zero   RW          379    .bss                usart.o
    0x20000870   0x00000200   Zero   RW         4193    .bss                os_cfg_app.o
    0x20000a70   0x00000140   Zero   RW         4194    .bss                os_cfg_app.o
    0x20000bb0   0x00000200   Zero   RW         4195    .bss                os_cfg_app.o
    0x20000db0   0x00000200   Zero   RW         4196    .bss                os_cfg_app.o
    0x20000fb0   0x00000640   Zero   RW         4197    .bss                os_cfg_app.o
    0x200015f0   0x00000200   Zero   RW         4198    .bss                os_cfg_app.o
    0x200017f0   0x00000200   Zero   RW         4199    .bss                os_cfg_app.o
    0x200019f0   0x00000088   Zero   RW         4200    .bss                os_cfg_app.o
    0x20001a78   0x00000200   Zero   RW         4201    .bss                os_cfg_app.o
    0x20001c78   0x00000088   Zero   RW         4202    .bss                os_cfg_app.o
    0x20001d00   0x000000c8   Zero   RW         5357    .bss                os_var.o
    0x20001dc8   0x000000c8   Zero   RW         5358    .bss                os_var.o
    0x20001e90   0x0000000c   Zero   RW         5359    .bss                os_var.o
    0x20001e9c   0x00000180   Zero   RW         5360    .bss                os_var.o
    0x2000201c   0x000000c8   Zero   RW         5361    .bss                os_var.o
    0x200020e4   0x000000c8   Zero   RW         5362    .bss                os_var.o
    0x200021ac   0x000000c8   Zero   RW         5363    .bss                os_var.o
    0x20002274   0x00000010   Zero   RW         5539    .bss                cpu_core.o
    0x20002284   0x00000004   PAD
    0x20002288   0x00000200   Zero   RW          721    HEAP                startup_stm32f10x_hd.o
    0x20002488   0x00000400   Zero   RW          720    STACK               startup_stm32f10x_hd.o


==============================================================================

Image component sizes


      Code (inc. data)   RO Data    RW Data    ZI Data      Debug   Object Name

       276         22          0          4          0       2064   adc.o
        76         16          0          0          0       1938   bsp.o
         0          0          0          0          0         32   core_cm3.o
        52          0          0          0          0        320   cpu_a.o
       344         48          0         28         16      15368   cpu_core.o
       396         42          0          0          0       2446   i2c.o
        36          4          0          0          0        480   joystick.o
        52          6          0          0          0        471   led.o
        84          0          0          0          0       1508   lib_mem.o
      1924        144          0          2       1656      45572   main.o
       144         20          0          0          0       1917   misc.o
       396         24       1591          0          0       4504   oled0561.o
         2          0        103          0       5264      20842   os_cfg_app.o
      2482        430          2          0          0      18309   os_core.o
       132         32          0          0          0        364   os_cpu_a.o
       396         66          0          4          0       6876   os_cpu_c.o
         2          0          0          0          0        854   os_dbg.o
       476         26          0          0          0       2599   os_flag.o
       872        200          0          0          0       3030   os_int.o
        24         10          0          0          0        789   os_mem.o
       306         22          0          0          0       2721   os_msg.o
        24         10          0          0          0        881   os_mutex.o
       112         16          0          4          0       2534   os_prio.o
       288         20          0          0          0       1860   os_q.o
       252         14          0          0          0       1758   os_sem.o
      1288        220          0          0          0       3491   os_stat.o
      3152        248          0          0          0      11380   os_task.o
       942        128          0          0          0       4949   os_tick.o
       692         42          0          0          0       2641   os_time.o
       692        136          0          0          0       3644   os_tmr.o
         0          0          0        176       1396      19429   os_var.o
       214          0          0          0          0       3303   queue.o
        44          0          0          0          0        907   rtc.o
        36          8        304          0       1536        812   startup_stm32f10x_hd.o
       296         10          0          0          0       6869   stm32f10x_adc.o
       308         10          0          0          0       3322   stm32f10x_dma.o
       176          0          0          0          0       2779   stm32f10x_gpio.o
       288          8          0          0          0       5450   stm32f10x_i2c.o
        14          0          0          0          0     261999   stm32f10x_it.o
       268         48          0         20          0       5912   stm32f10x_rcc.o
        64         16          0          0          0       1512   stm32f10x_rtc.o
       434         24          0          0          0       5189   stm32f10x_usart.o
       248         24          0         20          0       1829   system_stm32f10x.o
       240         38          0          4          0       2845   systemclock.o
       272         22          0          2        200       2940   usart.o

    ----------------------------------------------------------------------
     18854       2154       2048        292      10072     491239   Object Totals
         0          0         32          0          0          0   (incl. Generated)
        38          0         16         28          4          0   (incl. Padding)

    ----------------------------------------------------------------------

      Code (inc. data)   RO Data    RW Data    ZI Data      Debug   Library Member Name

        92          0          0          0          0          0   __dczerorl2.o
         0          0          0          0          0          0   entry.o
         0          0          0          0          0          0   entry10a.o
         0          0          0          0          0          0   entry11a.o
         8          4          0          0          0          0   entry2.o
         4          0          0          0          0          0   entry5.o
         0          0          0          0          0          0   entry7b.o
         0          0          0          0          0          0   entry8b.o
         8          4          0          0          0          0   entry9a.o
        30          0          0          0          0          0   handlers.o
        36          8          0          0          0         68   init.o
       108         16          0          0          0         84   malloc.o
        36          0          0          0          0         68   memcpya.o
         0          0          0          8          0          0   mvars.o
        36         10          0          4          0        136   rand.o

    ----------------------------------------------------------------------
       358         42          0         12          0        356   Library Totals
         0          0          0          0          0          0   (incl. Padding)

    ----------------------------------------------------------------------

      Code (inc. data)   RO Data    RW Data    ZI Data      Debug   Library Name

       358         42          0         12          0        356   mc_w.l

    ----------------------------------------------------------------------
       358         42          0         12          0        356   Library Totals

    ----------------------------------------------------------------------

==============================================================================


      Code (inc. data)   RO Data    RW Data    ZI Data      Debug   

     19212       2196       2048        304      10072     481455   Grand Totals
     19212       2196       2048         28      10072     481455   ELF Image Totals (compressed)
     19212       2196       2048         28          0          0   ROM Totals

==============================================================================

    Total RO  Size (Code + RO Data)                21260 (  20.76kB)
    Total RW  Size (RW Data + ZI Data)             10376 (  10.13kB)
    Total ROM Size (Code + RO Data + RW Data)      21288 (  20.79kB)

==============================================================================

